Archive member included to satisfy reference by file (symbol)

c:/program files (x86)/atmel/studio/7.0/toolchain/avr8/avr8-gnu-toolchain/bin/../lib/gcc/avr/5.4.0/../../../../avr/lib/avr6\libm.a(addsf3.o)
                              helperFunctions.o (__subsf3)
c:/program files (x86)/atmel/studio/7.0/toolchain/avr8/avr8-gnu-toolchain/bin/../lib/gcc/avr/5.4.0/../../../../avr/lib/avr6\libm.a(addsf3x.o)
                              c:/program files (x86)/atmel/studio/7.0/toolchain/avr8/avr8-gnu-toolchain/bin/../lib/gcc/avr/5.4.0/../../../../avr/lib/avr6\libm.a(addsf3.o) (__addsf3x)
c:/program files (x86)/atmel/studio/7.0/toolchain/avr8/avr8-gnu-toolchain/bin/../lib/gcc/avr/5.4.0/../../../../avr/lib/avr6\libm.a(asin.o)
                              helperFunctions.o (asin)
c:/program files (x86)/atmel/studio/7.0/toolchain/avr8/avr8-gnu-toolchain/bin/../lib/gcc/avr/5.4.0/../../../../avr/lib/avr6\libm.a(divsf3.o)
                              helperFunctions.o (__divsf3)
c:/program files (x86)/atmel/studio/7.0/toolchain/avr8/avr8-gnu-toolchain/bin/../lib/gcc/avr/5.4.0/../../../../avr/lib/avr6\libm.a(divsf3x.o)
                              c:/program files (x86)/atmel/studio/7.0/toolchain/avr8/avr8-gnu-toolchain/bin/../lib/gcc/avr/5.4.0/../../../../avr/lib/avr6\libm.a(divsf3.o) (__divsf3x)
c:/program files (x86)/atmel/studio/7.0/toolchain/avr8/avr8-gnu-toolchain/bin/../lib/gcc/avr/5.4.0/../../../../avr/lib/avr6\libm.a(fixsfsi.o)
                              helperFunctions.o (__fixsfsi)
c:/program files (x86)/atmel/studio/7.0/toolchain/avr8/avr8-gnu-toolchain/bin/../lib/gcc/avr/5.4.0/../../../../avr/lib/avr6\libm.a(fixunssfsi.o)
                              queue.o (__fixunssfsi)
c:/program files (x86)/atmel/studio/7.0/toolchain/avr8/avr8-gnu-toolchain/bin/../lib/gcc/avr/5.4.0/../../../../avr/lib/avr6\libm.a(floatsisf.o)
                              queue.o (__floatunsisf)
c:/program files (x86)/atmel/studio/7.0/toolchain/avr8/avr8-gnu-toolchain/bin/../lib/gcc/avr/5.4.0/../../../../avr/lib/avr6\libm.a(fp_arccos.o)
                              c:/program files (x86)/atmel/studio/7.0/toolchain/avr8/avr8-gnu-toolchain/bin/../lib/gcc/avr/5.4.0/../../../../avr/lib/avr6\libm.a(asin.o) (__fp_arccos)
c:/program files (x86)/atmel/studio/7.0/toolchain/avr8/avr8-gnu-toolchain/bin/../lib/gcc/avr/5.4.0/../../../../avr/lib/avr6\libm.a(fp_inf.o)
                              c:/program files (x86)/atmel/studio/7.0/toolchain/avr8/avr8-gnu-toolchain/bin/../lib/gcc/avr/5.4.0/../../../../avr/lib/avr6\libm.a(addsf3x.o) (__fp_inf)
c:/program files (x86)/atmel/studio/7.0/toolchain/avr8/avr8-gnu-toolchain/bin/../lib/gcc/avr/5.4.0/../../../../avr/lib/avr6\libm.a(fp_nan.o)
                              c:/program files (x86)/atmel/studio/7.0/toolchain/avr8/avr8-gnu-toolchain/bin/../lib/gcc/avr/5.4.0/../../../../avr/lib/avr6\libm.a(addsf3x.o) (__fp_nan)
c:/program files (x86)/atmel/studio/7.0/toolchain/avr8/avr8-gnu-toolchain/bin/../lib/gcc/avr/5.4.0/../../../../avr/lib/avr6\libm.a(fp_powser.o)
                              c:/program files (x86)/atmel/studio/7.0/toolchain/avr8/avr8-gnu-toolchain/bin/../lib/gcc/avr/5.4.0/../../../../avr/lib/avr6\libm.a(fp_arccos.o) (__fp_powser)
c:/program files (x86)/atmel/studio/7.0/toolchain/avr8/avr8-gnu-toolchain/bin/../lib/gcc/avr/5.4.0/../../../../avr/lib/avr6\libm.a(fp_powsodd.o)
                              c:/program files (x86)/atmel/studio/7.0/toolchain/avr8/avr8-gnu-toolchain/bin/../lib/gcc/avr/5.4.0/../../../../avr/lib/avr6\libm.a(asin.o) (__fp_powsodd)
c:/program files (x86)/atmel/studio/7.0/toolchain/avr8/avr8-gnu-toolchain/bin/../lib/gcc/avr/5.4.0/../../../../avr/lib/avr6\libm.a(fp_pscA.o)
                              c:/program files (x86)/atmel/studio/7.0/toolchain/avr8/avr8-gnu-toolchain/bin/../lib/gcc/avr/5.4.0/../../../../avr/lib/avr6\libm.a(addsf3x.o) (__fp_pscA)
c:/program files (x86)/atmel/studio/7.0/toolchain/avr8/avr8-gnu-toolchain/bin/../lib/gcc/avr/5.4.0/../../../../avr/lib/avr6\libm.a(fp_pscB.o)
                              c:/program files (x86)/atmel/studio/7.0/toolchain/avr8/avr8-gnu-toolchain/bin/../lib/gcc/avr/5.4.0/../../../../avr/lib/avr6\libm.a(addsf3x.o) (__fp_pscB)
c:/program files (x86)/atmel/studio/7.0/toolchain/avr8/avr8-gnu-toolchain/bin/../lib/gcc/avr/5.4.0/../../../../avr/lib/avr6\libm.a(fp_round.o)
                              c:/program files (x86)/atmel/studio/7.0/toolchain/avr8/avr8-gnu-toolchain/bin/../lib/gcc/avr/5.4.0/../../../../avr/lib/avr6\libm.a(addsf3.o) (__fp_round)
c:/program files (x86)/atmel/studio/7.0/toolchain/avr8/avr8-gnu-toolchain/bin/../lib/gcc/avr/5.4.0/../../../../avr/lib/avr6\libm.a(fp_split3.o)
                              c:/program files (x86)/atmel/studio/7.0/toolchain/avr8/avr8-gnu-toolchain/bin/../lib/gcc/avr/5.4.0/../../../../avr/lib/avr6\libm.a(addsf3x.o) (__fp_split3)
c:/program files (x86)/atmel/studio/7.0/toolchain/avr8/avr8-gnu-toolchain/bin/../lib/gcc/avr/5.4.0/../../../../avr/lib/avr6\libm.a(fp_zero.o)
[...]
Memory Configuration

Name             Origin             Length             Attributes
text             0x00000000         0x00040000         xr
data             0x00800200         0x00002000         rw !x
eeprom           0x00810000         0x00001000         rw !x
fuse             0x00820000         0x00000003         rw !x
lock             0x00830000         0x00000400         rw !x
signature        0x00840000         0x00000400         rw !x
user_signatures  0x00850000         0x00000400         rw !x
*default*        0x00000000         0xffffffff

Linker script and memory map

Address of section .data set to 0x800200
LOAD C:/Program Files (x86)/Atmel/Studio/7.0/Packs/atmel/ATmega_DFP/1.6.364/gcc/dev/atmega2560/avr6/crtatmega2560.o
LOAD DC_Motor_Driver.o
LOAD Encoder_Tracker.o
LOAD events.o
LOAD helperFunctions.o
LOAD main.o
LOAD PidController.o
LOAD queue.o
LOAD src/libraries/Rosserial_Arduino_Library/src/duration.o
LOAD src/libraries/Rosserial_Arduino_Library/src/time.o
LOAD timer.o
LOAD Ultra_Sonic_Range_Finder_Driver.o
START GROUP
LOAD c:/program files (x86)/atmel/studio/7.0/toolchain/avr8/avr8-gnu-toolchain/bin/../lib/gcc/avr/5.4.0/../../../../avr/lib/avr6\libm.a
LOAD C:\Users\User\DOCUME~1\ATMELS~1\7.0\NEWSER~1\ATMEGA~1\ARDUIN~1\ARDUIN~1\Debug\libArduinoCore.a
END GROUP
LOAD c:/program files (x86)/atmel/studio/7.0/toolchain/avr8/avr8-gnu-toolchain/bin/../lib/gcc/avr/5.4.0/avr6\libgcc.a
LOAD c:/program files (x86)/atmel/studio/7.0/toolchain/avr8/avr8-gnu-toolchain/bin/../lib/gcc/avr/5.4.0/../../../../avr/lib/avr6\libm.a
START GROUP
LOAD c:/program files (x86)/atmel/studio/7.0/toolchain/avr8/avr8-gnu-toolchain/bin/../lib/gcc/avr/5.4.0/avr6\libgcc.a
LOAD c:/program files (x86)/atmel/studio/7.0/toolchain/avr8/avr8-gnu-toolchain/bin/../lib/gcc/avr/5.4.0/../../../../avr/lib/avr6\libm.a
LOAD c:/program files (x86)/atmel/studio/7.0/toolchain/avr8/avr8-gnu-toolchain/bin/../lib/gcc/avr/5.4.0/../../../../avr/lib/avr6\libc.a
LOAD C:/Program Files (x86)/Atmel/Studio/7.0/Packs/atmel/ATmega_DFP/1.6.364/gcc/dev/atmega2560/avr6\libatmega2560.a
END GROUP
                0x00000000                __TEXT_REGION_ORIGIN__ = DEFINED (__TEXT_REGION_ORIGIN__)?__TEXT_REGION_ORIGIN__:0x0
                [0x00800200]                __DATA_REGION_ORIGIN__ = DEFINED (__DATA_REGION_ORIGIN__)?__DATA_REGION_ORIGIN__:0x800200
                [0x00040000]                __TEXT_REGION_LENGTH__ = DEFINED (__TEXT_REGION_LENGTH__)?__TEXT_REGION_LENGTH__:0x100000
                [0x00002000]                __DATA_REGION_LENGTH__ = DEFINED (__DATA_REGION_LENGTH__)?__DATA_REGION_LENGTH__:0xfe00
                [0x00001000]                __EEPROM_REGION_LENGTH__ = DEFINED (__EEPROM_REGION_LENGTH__)?__EEPROM_REGION_LENGTH__:0x10000
                [0x00000003]                __FUSE_REGION_LENGTH__ = DEFINED (__FUSE_REGION_LENGTH__)?__FUSE_REGION_LENGTH__:0x400
                0x00000400                __LOCK_REGION_LENGTH__ = DEFINED (__LOCK_REGION_LENGTH__)?__LOCK_REGION_LENGTH__:0x400
                0x00000400                __SIGNATURE_REGION_LENGTH__ = DEFINED (__SIGNATURE_REGION_LENGTH__)?__SIGNATURE_REGION_LENGTH__:0x400
                0x00000400                __USER_SIGNATURE_REGION_LENGTH__ = DEFINED (__USER_SIGNATURE_REGION_LENGTH__)?__USER_SIGNATURE_REGION_LENGTH__:0x400

.hash
 *(.hash)

.dynsym
 *(.dynsym)

.dynstr
 *(.dynstr)

.gnu.version
 *(.gnu.version)

.gnu.version_d
 *(.gnu.version_d)

.gnu.version_r
 *(.gnu.version_r)

.rel.init
 *(.rel.init)

.rela.init
 *(.rela.init)

.rel.text
 *(.rel.text)
 *(.rel.text.*)
 *(.rel.gnu.linkonce.t*)

.rela.text
 *(.rela.text)
 *(.rela.text.*)
 *(.rela.gnu.linkonce.t*)

.rel.fini
 *(.rel.fini)

.rela.fini
 *(.rela.fini)

.rel.rodata
 *(.rel.rodata)
 *(.rel.rodata.*)
 *(.rel.gnu.linkonce.r*)

.rela.rodata
 *(.rela.rodata)
 *(.rela.rodata.*)
 *(.rela.gnu.linkonce.r*)

.rel.data
 *(.rel.data)
 *(.rel.data.*)
 *(.rel.gnu.linkonce.d*)

.rela.data
 *(.rela.data)
 *(.rela.data.*)
 *(.rela.gnu.linkonce.d*)

.rel.ctors
 *(.rel.ctors)

.rela.ctors
 *(.rela.ctors)

.rel.dtors
 *(.rel.dtors)

.rela.dtors
 *(.rela.dtors)

.rel.got
 *(.rel.got)

.rela.got
 *(.rela.got)

.rel.bss
 *(.rel.bss)

.rela.bss
 *(.rela.bss)

.rel.plt
 *(.rel.plt)

.rela.plt
 *(.rela.plt)

.text           0x00000000     0x4390
 *(.vectors)
 .vectors       0x00000000       0xe4 C:/Program Files (x86)/Atmel/Studio/7.0/Packs/atmel/ATmega_DFP/1.6.364/gcc/dev/atmega2560/avr6/crtatmega2560.o
                0x00000000                __vector_default
                0x00000000                __vectors
 *(.vectors)
 *(.progmem.gcc*)
                0x000000e4                . = ALIGN (0x2)
                0x000000e4                __trampolines_start = .
 *(.trampolines)
 .trampolines   0x000000e4        0x0 linker stubs
 *(.trampolines*)
                0x000000e4                __trampolines_end = .
 *libprintf_flt.a:*(.progmem.data)
 *libc.a:*(.progmem.data)
 *(.progmem*)
 .progmem.data._ZZN8std_msgs5Int646getMD5EvE3__c
                0x000000e4       0x21 main.o
                0x000000e4                _ZZN8std_msgs5Int646getMD5EvE3__c
 .progmem.data._ZZN8std_msgs5Int647getTypeEvE3__c
                0x00000105        0xf main.o
                0x00000105                _ZZN8std_msgs5Int647getTypeEvE3__c
 .progmem.data._ZZN8std_msgs5Int326getMD5EvE3__c
                0x00000114       0x21 main.o
                0x00000114                _ZZN8std_msgs5Int326getMD5EvE3__c
 .progmem.data._ZZN8std_msgs5Int327getTypeEvE3__c
                0x00000135        0xf main.o
                0x00000135                _ZZN8std_msgs5Int327getTypeEvE3__c
 .progmem.data._ZZN14rosserial_msgs20RequestParamResponse6getMD5EvE3__c
                0x00000144       0x21 main.o
                0x00000144                _ZZN14rosserial_msgs20RequestParamResponse6getMD5EvE3__c
 .progmem.data._ZN14rosserial_msgsL12REQUESTPARAME
                0x00000165       0x1c main.o
 .progmem.data._ZZN14rosserial_msgs3Log6getMD5EvE3__c
                0x00000181       0x21 main.o
                0x00000181                _ZZN14rosserial_msgs3Log6getMD5EvE3__c
 .progmem.data._ZZN14rosserial_msgs3Log7getTypeEvE3__c
                0x000001a2       0x13 main.o
                0x000001a2                _ZZN14rosserial_msgs3Log7getTypeEvE3__c
 .progmem.data._ZZN14rosserial_msgs9TopicInfo6getMD5EvE3__c
                0x000001b5       0x21 main.o
                0x000001b5                _ZZN14rosserial_msgs9TopicInfo6getMD5EvE3__c
 .progmem.data._ZZN14rosserial_msgs9TopicInfo7getTypeEvE3__c
                0x000001d6       0x19 main.o
                0x000001d6                _ZZN14rosserial_msgs9TopicInfo7getTypeEvE3__c
 .progmem.data._ZZN8std_msgs4Time6getMD5EvE3__c
                0x000001ef       0x21 main.o
                0x000001ef                _ZZN8std_msgs4Time6getMD5EvE3__c
 .progmem.data._ZZN8std_msgs4Time7getTypeEvE3__c
                0x00000210        0xe main.o
                0x00000210                _ZZN8std_msgs4Time7getTypeEvE3__c
                0x0000021e                . = ALIGN (0x2)
 *(.jumptables)
 *(.jumptables*)
 *(.lowtext)
 *(.lowtext*)
                0x0000021e                __ctors_start = .
 *(.ctors)
 .ctors         0x0000021e        0x2 main.o
 .ctors         0x00000220        0x2 C:\Users\User\DOCUME~1\ATMELS~1\7.0\NEWSER~1\ATMEGA~1\ARDUIN~1\ARDUIN~1\Debug\libArduinoCore.a(HardwareSerial0.o)
                0x00000222                __ctors_end = .
                0x00000222                __dtors_start = .
 *(.dtors)
                0x00000222                __dtors_end = .
 SORT(*)(.ctors)
 SORT(*)(.dtors)
 *(.init0)
 .init0         0x00000222        0x0 C:/Program Files (x86)/Atmel/Studio/7.0/Packs/atmel/ATmega_DFP/1.6.364/gcc/dev/atmega2560/avr6/crtatmega2560.o
                0x00000222                __init
 *(.init0)
 *(.init1)
 *(.init1)
 *(.init2)
 .init2         0x00000222       0x10 C:/Program Files (x86)/Atmel/Studio/7.0/Packs/atmel/ATmega_DFP/1.6.364/gcc/dev/atmega2560/avr6/crtatmega2560.o
 *(.init2)
 *(.init3)
 *(.init3)
 *(.init4)
 .init4         0x00000232       0x1a c:/program files (x86)/atmel/studio/7.0/toolchain/avr8/avr8-gnu-toolchain/bin/../lib/gcc/avr/5.4.0/avr6\libgcc.a(_copy_data.o)
                0x00000232                __do_copy_data
 .init4         0x0000024c       0x10 c:/program files (x86)/atmel/studio/7.0/toolchain/avr8/avr8-gnu-toolchain/bin/../lib/gcc/avr/5.4.0/avr6\libgcc.a(_clear_bss.o)
                0x0000024c                __do_clear_bss
 *(.init4)
 *(.init5)
 *(.init5)
 *(.init6)
 .init6         0x0000025c       0x20 c:/program files (x86)/atmel/studio/7.0/toolchain/avr8/avr8-gnu-toolchain/bin/../lib/gcc/avr/5.4.0/avr6\libgcc.a(_ctors.o)
                0x0000025c                __do_global_ctors
 *(.init6)
 *(.init7)
 *(.init7)
 *(.init8)
 *(.init8)
 *(.init9)
 .init9         0x0000027c        0x8 C:/Program Files (x86)/Atmel/Studio/7.0/Packs/atmel/ATmega_DFP/1.6.364/gcc/dev/atmega2560/avr6/crtatmega2560.o
 *(.init9)
 *(.text)
 .text          0x00000284        0x2 C:/Program Files (x86)/Atmel/Studio/7.0/Packs/atmel/ATmega_DFP/1.6.364/gcc/dev/atmega2560/avr6/crtatmega2560.o
                0x00000284                __vector_38
                0x00000284                __vector_22
                0x00000284                __vector_28
                0x00000284                __vector_32
                0x00000284                __vector_34
                0x00000284                __vector_24
                0x00000284                __vector_12
                0x00000284                __vector_55
                0x00000284                __vector_46
                0x00000284                __bad_interrupt
                0x00000284                __vector_31
                0x00000284                __vector_35
                0x00000284                __vector_39
                0x00000284                __vector_30
                0x00000284                __vector_45
                0x00000284                __vector_11
                0x00000284                __vector_54
                0x00000284                __vector_13
                0x00000284                __vector_17
                0x00000284                __vector_19
                0x00000284                __vector_56
                0x00000284                __vector_7
                0x00000284                __vector_49
                0x00000284                __vector_41
                0x00000284                __vector_43
                0x00000284                __vector_27
                0x00000284                __vector_5
                0x00000284                __vector_33
                0x00000284                __vector_47
                0x00000284                __vector_52
                0x00000284                __vector_37
                0x00000284                __vector_44
                0x00000284                __vector_51
                0x00000284                __vector_9
                0x00000284                __vector_21
                0x00000284                __vector_36
                0x00000284                __vector_29
                0x00000284                __vector_40
                0x00000284                __vector_8
                0x00000284                __vector_48
                0x00000284                __vector_14
                0x00000284                __vector_53
                0x00000284                __vector_10
                0x00000284                __vector_50
                0x00000284                __vector_16
                0x00000284                __vector_18
                0x00000284                __vector_20
                0x00000284                __vector_42
                0x00000286                . = ALIGN (0x2)
 *(.text.*)
 .text._ZN15DC_Motor_Driver12setTargetRPMEl
                0x00000286       0x18 DC_Motor_Driver.o
                0x00000286                _ZN15DC_Motor_Driver12setTargetRPMEl
 .text._ZN15DC_Motor_Driver12setTargetPPMEl
                0x0000029e        0xc DC_Motor_Driver.o
                0x0000029e                _ZN15DC_Motor_Driver12setTargetPPMEl
 .text._ZN15DC_Motor_Driver12getTargetPPMEv
                0x000002aa        0xc DC_Motor_Driver.o
                0x000002aa                _ZN15DC_Motor_Driver12getTargetPPMEv
 .text._ZN15DC_Motor_Driver12setDirectionE17RotationDirection
                0x000002b6       0x86 DC_Motor_Driver.o
                0x000002b6                _ZN15DC_Motor_Driver12setDirectionE17RotationDirection
 .text._ZN15DC_Motor_Driver15setPwmDutyCycleEi
                0x0000033c       0x34 DC_Motor_Driver.o
                0x0000033c                _ZN15DC_Motor_Driver15setPwmDutyCycleEi
 .text._ZN15DC_Motor_Driver10startMotorEv
                0x00000370        0x8 DC_Motor_Driver.o
                0x00000370                _ZN15DC_Motor_Driver10startMotorEv
 .text._ZN15DC_Motor_Driver15setPWMRegistersEPVhhS1_hhS1_hhPVjS1_S1_S3_h
                0x00000378      0x108 DC_Motor_Driver.o
                0x00000378                _ZN15DC_Motor_Driver15setPWMRegistersEPVhhS1_hhS1_hhPVjS1_S1_S3_h
 .text._ZN15DC_Motor_Driver19setEncoderRegistersEhPVhS1_hhS1_S1_hhhhPVl
                0x00000480      0x108 DC_Motor_Driver.o
                0x00000480                _ZN15DC_Motor_Driver19setEncoderRegistersEhPVhS1_hhS1_S1_hhhhPVl
 .text._ZN15DC_Motor_DriverC2Ehj
                0x00000588      0x13c DC_Motor_Driver.o
                0x00000588                _ZN15DC_Motor_DriverC1Ehj
                0x00000588                _ZN15DC_Motor_DriverC2Ehj
 .text._ZN15DC_Motor_Driver15getEncoderCountEv
                0x000006c4       0x18 DC_Motor_Driver.o
                0x000006c4                _ZN15DC_Motor_Driver15getEncoderCountEv
 .text._Z13ENCODER_A_ISRPVhhPVl
                0x000006dc       0x54 DC_Motor_Driver.o
                0x000006dc                _Z13ENCODER_A_ISRPVhhPVl
 .text.__vector_1
                0x00000730       0x58 DC_Motor_Driver.o
                0x00000730                __vector_1
 .text.__vector_2
                0x00000788       0x58 DC_Motor_Driver.o
                0x00000788                __vector_2
 .text._ZN15Encoder_TrackerC2Ehj
                0x000007e0       0x1a Encoder_Tracker.o
                0x000007e0                _ZN15Encoder_TrackerC2Ehj
                0x000007e0                _ZN15Encoder_TrackerC1Ehj
 .text._ZN15Encoder_Tracker5TrackEl
                0x000007fa       0x1a Encoder_Tracker.o
                0x000007fa                _ZN15Encoder_Tracker5TrackEl
 .text._ZN15Encoder_Tracker10countToPPMEl
                0x00000814       0x5c Encoder_Tracker.o
                0x00000814                _ZN15Encoder_Tracker10countToPPMEl
 .text._ZN15Encoder_Tracker6getPPMEv
                0x00000870       0x78 Encoder_Tracker.o
                0x00000870                _ZN15Encoder_Tracker6getPPMEv
 .text._ZN15Encoder_Tracker10countToRPMEl
                0x000008e8       0xca Encoder_Tracker.o
                0x000008e8                _ZN15Encoder_Tracker10countToRPMEl
 .text._ZN15Encoder_Tracker6getRPMEv
                0x000009b2       0x76 Encoder_Tracker.o
                0x000009b2                _ZN15Encoder_Tracker6getRPMEv
 .text._Z16createEventStorev
                0x00000a28       0x1e events.o
                0x00000a28                _Z16createEventStorev
 .text._Z8setEventjPVj
                0x00000a46       0x32 events.o
                0x00000a46                _Z8setEventjPVj
 .text._Z3mapfffff
                0x00000a78       0xca helperFunctions.o
                0x00000a78                _Z3mapfffff
 .text._ZNK8std_msgs4Time9serializeEPh
                0x00000b42       0x48 main.o
                0x00000b42                _ZNK8std_msgs4Time9serializeEPh
 .text._ZN8std_msgs4Time11deserializeEPh
                0x00000b8a       0x8c main.o
                0x00000b8a                _ZN8std_msgs4Time11deserializeEPh
 .text._ZN8std_msgs4Time7getTypeEv
                0x00000c16        0x6 main.o
                0x00000c16                _ZN8std_msgs4Time7getTypeEv
 .text._ZN8std_msgs4Time6getMD5Ev
                0x00000c1c        0x6 main.o
                0x00000c1c                _ZN8std_msgs4Time6getMD5Ev
 .text._ZN14rosserial_msgs9TopicInfo7getTypeEv
                0x00000c22        0x6 main.o
                0x00000c22                _ZN14rosserial_msgs9TopicInfo7getTypeEv
 .text._ZN14rosserial_msgs9TopicInfo6getMD5Ev
                0x00000c28        0x6 main.o
                0x00000c28                _ZN14rosserial_msgs9TopicInfo6getMD5Ev
 .text._ZN14rosserial_msgs3Log7getTypeEv
                0x00000c2e        0x6 main.o
                0x00000c2e                _ZN14rosserial_msgs3Log7getTypeEv
 .text._ZN14rosserial_msgs3Log6getMD5Ev
                0x00000c34        0x6 main.o
                0x00000c34                _ZN14rosserial_msgs3Log6getMD5Ev
 .text._ZN14rosserial_msgs20RequestParamResponse7getTypeEv
                0x00000c3a        0x6 main.o
                0x00000c3a                _ZN14rosserial_msgs20RequestParamResponse7getTypeEv
 .text._ZN14rosserial_msgs20RequestParamResponse6getMD5Ev
                0x00000c40        0x6 main.o
                0x00000c40                _ZN14rosserial_msgs20RequestParamResponse6getMD5Ev
 .text._ZNK8std_msgs5Int329serializeEPh
                0x00000c46       0x28 main.o
                0x00000c46                _ZNK8std_msgs5Int329serializeEPh
 .text._ZN8std_msgs5Int3211deserializeEPh
                0x00000c6e       0x1a main.o
                0x00000c6e                _ZN8std_msgs5Int3211deserializeEPh
 .text._ZN8std_msgs5Int327getTypeEv
                0x00000c88        0x6 main.o
                0x00000c88                _ZN8std_msgs5Int327getTypeEv
 .text._ZN8std_msgs5Int326getMD5Ev
                0x00000c8e        0x6 main.o
                0x00000c8e                _ZN8std_msgs5Int326getMD5Ev
 .text._ZNK8std_msgs5Int649serializeEPh
                0x00000c94       0xcc main.o
                0x00000c94                _ZNK8std_msgs5Int649serializeEPh
 .text._ZN8std_msgs5Int6411deserializeEPh
                0x00000d60       0x44 main.o
                0x00000d60                _ZN8std_msgs5Int6411deserializeEPh
 .text._ZN8std_msgs5Int647getTypeEv
                0x00000da4        0x6 main.o
                0x00000da4                _ZN8std_msgs5Int647getTypeEv
 .text._ZN8std_msgs5Int646getMD5Ev
                0x00000daa        0x6 main.o
                0x00000daa                _ZN8std_msgs5Int646getMD5Ev
 .text._ZN3ros10SubscriberIN8std_msgs5Int32EvE8callbackEPh
                0x00000db0       0x28 main.o
                0x00000db0                _ZN3ros10SubscriberIN8std_msgs5Int32EvE8callbackEPh
 .text._ZN3ros10SubscriberIN8std_msgs5Int32EvE15getEndpointTypeEv
                0x00000dd8        0x8 main.o
                0x00000dd8                _ZN3ros10SubscriberIN8std_msgs5Int32EvE15getEndpointTypeEv
 .text._ZN3ros10SubscriberIN8std_msgs5Int32EvE10getMsgTypeEv
                0x00000de0        0x6 main.o
                0x00000de0                _ZN3ros10SubscriberIN8std_msgs5Int32EvE10getMsgTypeEv
 .text._ZN3ros10SubscriberIN8std_msgs5Int32EvE9getMsgMD5Ev
                0x00000de6        0x6 main.o
                0x00000de6                _ZN3ros10SubscriberIN8std_msgs5Int32EvE9getMsgMD5Ev
 .text._ZN3ros11NodeHandle_I15ArduinoHardwareLi25ELi25ELi512ELi512ENS_19FlashReadOutBuffer_EE9connectedEv
                0x00000dec        0xa main.o
                0x00000dec                _ZN3ros11NodeHandle_I15ArduinoHardwareLi25ELi25ELi512ELi512ENS_19FlashReadOutBuffer_EE9connectedEv
 .text._ZN3ros19FlashReadOutBuffer_D2Ev
                0x00000df6       0x12 main.o
                0x00000df6                _ZN3ros19FlashReadOutBuffer_D1Ev
                0x00000df6                _ZN3ros19FlashReadOutBuffer_D2Ev
 .text._ZN3ros19FlashReadOutBuffer_D0Ev
                0x00000e08       0x12 main.o
                0x00000e08                _ZN3ros19FlashReadOutBuffer_D0Ev
 .text._Z20leftWheelVelCallbackRKN8std_msgs5Int32E
                0x00000e1a       0x10 main.o
                0x00000e1a                _Z20leftWheelVelCallbackRKN8std_msgs5Int32E
 .text._Z21RightWheelVelCallbackRKN8std_msgs5Int32E
                0x00000e2a       0x1e main.o
                0x00000e2a                _Z21RightWheelVelCallbackRKN8std_msgs5Int32E
 .text._ZN3ros9Publisher7publishEPKNS_3MsgE
                0x00000e48       0x1c main.o
                0x00000e48                _ZN3ros9Publisher7publishEPKNS_3MsgE
 .text._ZN3ros19FlashReadOutBuffer_13readFromFlashEPK19__FlashStringHelper
                0x00000e64       0x80 main.o
                0x00000e64                _ZN3ros19FlashReadOutBuffer_13readFromFlashEPK19__FlashStringHelper
 .text._ZN3ros19FlashReadOutBuffer_9readTopicEPKcb
                0x00000ee4        0x8 main.o
                0x00000ee4                _ZN3ros19FlashReadOutBuffer_9readTopicEPKcb
 .text._ZN3ros19FlashReadOutBuffer_11readMsgInfoEPKc
                0x00000eec        0x2 main.o
                0x00000eec                _ZN3ros19FlashReadOutBuffer_11readMsgInfoEPKc
 .text._ZN3ros19FlashReadOutBuffer_C2Ev
                0x00000eee       0x30 main.o
                0x00000eee                _ZN3ros19FlashReadOutBuffer_C1Ev
                0x00000eee                _ZN3ros19FlashReadOutBuffer_C2Ev
 .text._ZN3ros3Msg8varToArrIPhmEEvT_T0_
                0x00000f1e       0x3a main.o
                0x00000f1e                _ZN3ros3Msg8varToArrIPhmEEvT_T0_
 .text._ZNK14rosserial_msgs20RequestParamResponse9serializeEPh
                0x00000f58      0x1b0 main.o
                0x00000f58                _ZNK14rosserial_msgs20RequestParamResponse9serializeEPh
 .text._ZNK14rosserial_msgs3Log9serializeEPh
                0x00001108       0x62 main.o
                0x00001108                _ZNK14rosserial_msgs3Log9serializeEPh
 .text._ZNK14rosserial_msgs9TopicInfo9serializeEPh
                0x0000116a      0x11c main.o
                0x0000116a                _ZNK14rosserial_msgs9TopicInfo9serializeEPh
 .text._ZN3ros3Msg8arrToVarImPhEEvRT_T0_
                0x00001286       0x5c main.o
                0x00001286                _ZN3ros3Msg8arrToVarImPhEEvRT_T0_
 .text._ZN14rosserial_msgs3Log11deserializeEPh
                0x000012e2       0xaa main.o
                0x000012e2                _ZN14rosserial_msgs3Log11deserializeEPh
 .text._ZN14rosserial_msgs20RequestParamResponse11deserializeEPh
                0x0000138c      0x374 main.o
                0x0000138c                _ZN14rosserial_msgs20RequestParamResponse11deserializeEPh
 .text._ZN14rosserial_msgs9TopicInfo11deserializeEPh
                0x00001700      0x1d6 main.o
                0x00001700                _ZN14rosserial_msgs9TopicInfo11deserializeEPh
 .text._ZN3ros11NodeHandle_I15ArduinoHardwareLi25ELi25ELi512ELi512ENS_19FlashReadOutBuffer_EE9advertiseERNS_9PublisherE
                0x000018d6       0x44 main.o
                0x000018d6                _ZN3ros11NodeHandle_I15ArduinoHardwareLi25ELi25ELi512ELi512ENS_19FlashReadOutBuffer_EE9advertiseERNS_9PublisherE
 .text._ZN3ros11NodeHandle_I15ArduinoHardwareLi25ELi25ELi512ELi512ENS_19FlashReadOutBuffer_EE15requestSyncTimeEv
                0x0000191a       0x70 main.o
                0x0000191a                _ZN3ros11NodeHandle_I15ArduinoHardwareLi25ELi25ELi512ELi512ENS_19FlashReadOutBuffer_EE15requestSyncTimeEv
 .text._ZN3ros11NodeHandle_I15ArduinoHardwareLi25ELi25ELi512ELi512ENS_19FlashReadOutBuffer_EE8syncTimeEPh
                0x0000198a      0x172 main.o
                0x0000198a                _ZN3ros11NodeHandle_I15ArduinoHardwareLi25ELi25ELi512ELi512ENS_19FlashReadOutBuffer_EE8syncTimeEPh
 .text._ZN3ros11NodeHandle_I15ArduinoHardwareLi25ELi25ELi512ELi512ENS_19FlashReadOutBuffer_EE3logEcPKc
                0x00001afc       0x44 main.o
                0x00001afc                _ZN3ros11NodeHandle_I15ArduinoHardwareLi25ELi25ELi512ELi512ENS_19FlashReadOutBuffer_EE3logEcPKc
 .text._ZN3ros11NodeHandle_I15ArduinoHardwareLi25ELi25ELi512ELi512ENS_19FlashReadOutBuffer_EE7publishEiPKNS_3MsgE
                0x00001b40      0x108 main.o
                0x00001b40                _ZN3ros11NodeHandle_I15ArduinoHardwareLi25ELi25ELi512ELi512ENS_19FlashReadOutBuffer_EE7publishEiPKNS_3MsgE
 .text._ZN3ros11NodeHandle_I15ArduinoHardwareLi25ELi25ELi512ELi512ENS_19FlashReadOutBuffer_EE15negotiateTopicsEv
                0x00001c48      0x25a main.o
                0x00001c48                _ZN3ros11NodeHandle_I15ArduinoHardwareLi25ELi25ELi512ELi512ENS_19FlashReadOutBuffer_EE15negotiateTopicsEv
 .text._ZN3ros11NodeHandle_I15ArduinoHardwareLi25ELi25ELi512ELi512ENS_19FlashReadOutBuffer_EE8spinOnceEv
                0x00001ea2      0x40a main.o
                0x00001ea2                _ZN3ros11NodeHandle_I15ArduinoHardwareLi25ELi25ELi512ELi512ENS_19FlashReadOutBuffer_EE8spinOnceEv
 .text.startup.main
                0x000022ac      0x6fe main.o
                0x000022ac                main
 .text.startup._GLOBAL__sub_I_motorLeft
                0x000029aa       0x34 main.o
 .text._ZN13PidControllerC2Efffhllll
                0x000029de       0xde PidController.o
                0x000029de                _ZN13PidControllerC2Efffhllll
                0x000029de                _ZN13PidControllerC1Efffhllll
 .text._ZN13PidController7ControlEl
                0x00002abc      0x34c PidController.o
                0x00002abc                _ZN13PidController7ControlEl
 .text._Z9initQueueP5QueuePlhS1_
                0x00002e08       0x16 queue.o
                0x00002e08                _Z9initQueueP5QueuePlhS1_
 .text._Z7dequeueP5Queue
                0x00002e1e       0x3c queue.o
                0x00002e1e                _Z7dequeueP5Queue
 .text._Z6enqeuelP5Queue
                0x00002e5a       0x5a queue.o
                0x00002e5a                _Z6enqeuelP5Queue
 .text._Z13getNthElementP5Queueh
                0x00002eb4       0x42 queue.o
                0x00002eb4                _Z13getNthElementP5Queueh
 .text._ZN3ros16normalizeSecNSecERmS0_
                0x00002ef6       0x5a src/libraries/Rosserial_Arduino_Library/src/time.o
                0x00002ef6                _ZN3ros16normalizeSecNSecERmS0_
 .text._Z12initMilliISRv
                0x00002f50       0x24 timer.o
                0x00002f50                _Z12initMilliISRv
 .text.__vector_15
                0x00002f74      0x16a timer.o
                0x00002f74                __vector_15
 .text._Z12declareTimerjh9timerModePFvvEjPVj
                0x000030de       0x82 timer.o
                0x000030de                _Z12declareTimerjh9timerModePFvvEjPVj
 .text._Z10startTimerh
                0x00003160       0x38 timer.o
                0x00003160                _Z10startTimerh
 .text._Z12timerElapsedh
                0x00003198       0x12 timer.o
                0x00003198                _Z12timerElapsedh
 .text._Z17clearTimerElapsedh
                0x000031aa       0x12 timer.o
                0x000031aa                _Z17clearTimerElapsedh
 .text._Z13getGolabal_msv
                0x000031bc       0x14 timer.o
                0x000031bc                _Z13getGolabal_msv
 .text._ZN31Ultra_Sonic_Range_Finder_DriverC2Eh
                0x000031d0       0xf6 Ultra_Sonic_Range_Finder_Driver.o
                0x000031d0                _ZN31Ultra_Sonic_Range_Finder_DriverC2Eh
                0x000031d0                _ZN31Ultra_Sonic_Range_Finder_DriverC1Eh
 .text._ZN31Ultra_Sonic_Range_Finder_Driver11pullTriggerEv
                0x000032c6       0x26 Ultra_Sonic_Range_Finder_Driver.o
                0x000032c6                _ZN31Ultra_Sonic_Range_Finder_Driver11pullTriggerEv
 .text._ZN31Ultra_Sonic_Range_Finder_Driver14stopTriggeringEv
                0x000032ec       0x2a Ultra_Sonic_Range_Finder_Driver.o
                0x000032ec                _ZN31Ultra_Sonic_Range_Finder_Driver14stopTriggeringEv
 .text._ZN31Ultra_Sonic_Range_Finder_Driver11getDistanceEv
                0x00003316       0x10 Ultra_Sonic_Range_Finder_Driver.o
                0x00003316                _ZN31Ultra_Sonic_Range_Finder_Driver11getDistanceEv
 .text._Z12Echo_INT_ISRPVhhPViPVmS4_
                0x00003326       0xf4 Ultra_Sonic_Range_Finder_Driver.o
                0x00003326                _Z12Echo_INT_ISRPVhhPViPVmS4_
 .text.__vector_3
                0x0000341a       0x68 Ultra_Sonic_Range_Finder_Driver.o
                0x0000341a                __vector_3
 .text.__vector_4
                0x00003482       0x68 Ultra_Sonic_Range_Finder_Driver.o
                0x00003482                __vector_4
 .text.__vector_6
                0x000034ea       0x68 Ultra_Sonic_Range_Finder_Driver.o
                0x000034ea                __vector_6
 .text.avr-libc.fplib
                0x00003552        0xa c:/program files (x86)/atmel/studio/7.0/toolchain/avr8/avr8-gnu-toolchain/bin/../lib/gcc/avr/5.4.0/../../../../avr/lib/avr6\libm.a(addsf3.o)
                0x00003552                __subsf3
                0x00003554                __addsf3
 .text.avr-libc.fplib
                0x0000355c       0xc0 c:/program files (x86)/atmel/studio/7.0/toolchain/avr8/avr8-gnu-toolchain/bin/../lib/gcc/avr/5.4.0/../../../../avr/lib/avr6\libm.a(addsf3x.o)
                0x00003576                __addsf3x
 .text.avr-libc.fplib
                0x0000361c        0x4 c:/program files (x86)/atmel/studio/7.0/toolchain/avr8/avr8-gnu-toolchain/bin/../lib/gcc/avr/5.4.0/../../../../avr/lib/avr6\libm.a(divsf3.o)
                0x0000361c                __divsf3
 .text.avr-libc.fplib
                0x00003620       0xcc c:/program files (x86)/atmel/studio/7.0/toolchain/avr8/avr8-gnu-toolchain/bin/../lib/gcc/avr/5.4.0/../../../../avr/lib/avr6\libm.a(divsf3x.o)
                0x00003636                __divsf3x
                0x0000363a                __divsf3_pse
 .text.avr-libc.fplib
                0x000036ec        0xa c:/program files (x86)/atmel/studio/7.0/toolchain/avr8/avr8-gnu-toolchain/bin/../lib/gcc/avr/5.4.0/../../../../avr/lib/avr6\libm.a(fixsfsi.o)
                0x000036ec                __fixsfsi
 .text.avr-libc.fplib
                0x000036f6       0x58 c:/program files (x86)/atmel/studio/7.0/toolchain/avr8/avr8-gnu-toolchain/bin/../lib/gcc/avr/5.4.0/../../../../avr/lib/avr6\libm.a(fixunssfsi.o)
                0x000036f6                __fixunssfsi
 .text.avr-libc.fplib
                0x0000374e       0x7a c:/program files (x86)/atmel/studio/7.0/toolchain/avr8/avr8-gnu-toolchain/bin/../lib/gcc/avr/5.4.0/../../../../avr/lib/avr6\libm.a(floatsisf.o)
                0x0000374e                __floatunsisf
                0x00003752                __floatsisf
 .text.avr-libc.fplib
                0x000037c8        0xc c:/program files (x86)/atmel/studio/7.0/toolchain/avr8/avr8-gnu-toolchain/bin/../lib/gcc/avr/5.4.0/../../../../avr/lib/avr6\libm.a(fp_inf.o)
                0x000037c8                __fp_inf
 .text.avr-libc.fplib
                0x000037d4        0x6 c:/program files (x86)/atmel/studio/7.0/toolchain/avr8/avr8-gnu-toolchain/bin/../lib/gcc/avr/5.4.0/../../../../avr/lib/avr6\libm.a(fp_nan.o)
                0x000037d4                __fp_nan
 .text.avr-libc.fplib
                0x000037da        0xe c:/program files (x86)/atmel/studio/7.0/toolchain/avr8/avr8-gnu-toolchain/bin/../lib/gcc/avr/5.4.0/../../../../avr/lib/avr6\libm.a(fp_pscA.o)
                0x000037da                __fp_pscA
 .text.avr-libc.fplib
                0x000037e8        0xe c:/program files (x86)/atmel/studio/7.0/toolchain/avr8/avr8-gnu-toolchain/bin/../lib/gcc/avr/5.4.0/../../../../avr/lib/avr6\libm.a(fp_pscB.o)
                0x000037e8                __fp_pscB
 .text.avr-libc.fplib
                0x000037f6       0x22 c:/program files (x86)/atmel/studio/7.0/toolchain/avr8/avr8-gnu-toolchain/bin/../lib/gcc/avr/5.4.0/../../../../avr/lib/avr6\libm.a(fp_round.o)
                0x000037f6                __fp_round
 .text.avr-libc.fplib
                0x00003818       0x44 c:/program files (x86)/atmel/studio/7.0/toolchain/avr8/avr8-gnu-toolchain/bin/../lib/gcc/avr/5.4.0/../../../../avr/lib/avr6\libm.a(fp_split3.o)
                0x00003818                __fp_split3
                0x00003828                __fp_splitA
 .text.avr-libc.fplib
                0x0000385c        0xe c:/program files (x86)/atmel/studio/7.0/toolchain/avr8/avr8-gnu-toolchain/bin/../lib/gcc/avr/5.4.0/../../../../avr/lib/avr6\libm.a(fp_zero.o)
                0x0000385c                __fp_zero
                0x0000385e                __fp_szero
 .text.avr-libc.fplib
                0x0000386a        0x4 c:/program files (x86)/atmel/studio/7.0/toolchain/avr8/avr8-gnu-toolchain/bin/../lib/gcc/avr/5.4.0/../../../../avr/lib/avr6\libm.a(mulsf3.o)
                0x0000386a                __mulsf3
 .text.avr-libc.fplib
                0x0000386e       0xc2 c:/program files (x86)/atmel/studio/7.0/toolchain/avr8/avr8-gnu-toolchain/bin/../lib/gcc/avr/5.4.0/../../../../avr/lib/avr6\libm.a(mulsf3x.o)
                0x00003882                __mulsf3x
                0x00003886                __mulsf3_pse
 .text._ZN14HardwareSerial9availableEv
                0x00003930       0x18 C:\Users\User\DOCUME~1\ATMELS~1\7.0\NEWSER~1\ATMEGA~1\ARDUIN~1\ARDUIN~1\Debug\libArduinoCore.a(HardwareSerial.o)
                0x00003930                _ZN14HardwareSerial9availableEv
 .text._ZN14HardwareSerial4peekEv
                0x00003948       0x1c C:\Users\User\DOCUME~1\ATMELS~1\7.0\NEWSER~1\ATMEGA~1\ARDUIN~1\ARDUIN~1\Debug\libArduinoCore.a(HardwareSerial.o)
                0x00003948                _ZN14HardwareSerial4peekEv
 .text._ZN14HardwareSerial4readEv
                0x00003964       0x28 C:\Users\User\DOCUME~1\ATMELS~1\7.0\NEWSER~1\ATMEGA~1\ARDUIN~1\ARDUIN~1\Debug\libArduinoCore.a(HardwareSerial.o)
                0x00003964                _ZN14HardwareSerial4readEv
 .text._ZN14HardwareSerial17availableForWriteEv
                0x0000398c       0x1e C:\Users\User\DOCUME~1\ATMELS~1\7.0\NEWSER~1\ATMEGA~1\ARDUIN~1\ARDUIN~1\Debug\libArduinoCore.a(HardwareSerial.o)
                0x0000398c                _ZN14HardwareSerial17availableForWriteEv
 .text._ZN14HardwareSerial17_tx_udr_empty_irqEv
                0x000039aa       0x44 C:\Users\User\DOCUME~1\ATMELS~1\7.0\NEWSER~1\ATMEGA~1\ARDUIN~1\ARDUIN~1\Debug\libArduinoCore.a(HardwareSerial.o)
                0x000039aa                _ZN14HardwareSerial17_tx_udr_empty_irqEv
 .text._ZN14HardwareSerial5writeEh
                0x000039ee       0x98 C:\Users\User\DOCUME~1\ATMELS~1\7.0\NEWSER~1\ATMEGA~1\ARDUIN~1\ARDUIN~1\Debug\libArduinoCore.a(HardwareSerial.o)
                0x000039ee                _ZN14HardwareSerial5writeEh
 .text._ZN14HardwareSerial5flushEv
                0x00003a86       0x42 C:\Users\User\DOCUME~1\ATMELS~1\7.0\NEWSER~1\ATMEGA~1\ARDUIN~1\ARDUIN~1\Debug\libArduinoCore.a(HardwareSerial.o)
                0x00003a86                _ZN14HardwareSerial5flushEv
 .text._ZN14HardwareSerial5beginEmh
                0x00003ac8       0xc6 C:\Users\User\DOCUME~1\ATMELS~1\7.0\NEWSER~1\ATMEGA~1\ARDUIN~1\ARDUIN~1\Debug\libArduinoCore.a(HardwareSerial.o)
                0x00003ac8                _ZN14HardwareSerial5beginEmh
 .text.__vector_25
                0x00003b8e       0x6c C:\Users\User\DOCUME~1\ATMELS~1\7.0\NEWSER~1\ATMEGA~1\ARDUIN~1\ARDUIN~1\Debug\libArduinoCore.a(HardwareSerial0.o)
                0x00003b8e                __vector_25
 .text.__vector_26
                0x00003bfa       0x52 C:\Users\User\DOCUME~1\ATMELS~1\7.0\NEWSER~1\ATMEGA~1\ARDUIN~1\ARDUIN~1\Debug\libArduinoCore.a(HardwareSerial0.o)
                0x00003bfa                __vector_26
 .text.startup._GLOBAL__sub_I___vector_25
                0x00003c4c       0x5a C:\Users\User\DOCUME~1\ATMELS~1\7.0\NEWSER~1\ATMEGA~1\ARDUIN~1\ARDUIN~1\Debug\libArduinoCore.a(HardwareSerial0.o)
 .text._Znaj    0x00003ca6        0x2 C:\Users\User\DOCUME~1\ATMELS~1\7.0\NEWSER~1\ATMEGA~1\ARDUIN~1\ARDUIN~1\Debug\libArduinoCore.a(new.o)
                0x00003ca6                _Znaj
 .text._ZdlPv   0x00003ca8        0x2 C:\Users\User\DOCUME~1\ATMELS~1\7.0\NEWSER~1\ATMEGA~1\ARDUIN~1\ARDUIN~1\Debug\libArduinoCore.a(new.o)
                0x00003ca8                _ZdlPv
 .text._ZN5Print5writeEPKhj
                0x00003caa       0x54 C:\Users\User\DOCUME~1\ATMELS~1\7.0\NEWSER~1\ATMEGA~1\ARDUIN~1\ARDUIN~1\Debug\libArduinoCore.a(Print.o)
                0x00003caa                _ZN5Print5writeEPKhj
 .text.__vector_23
                0x00003cfe       0x94 C:\Users\User\DOCUME~1\ATMELS~1\7.0\NEWSER~1\ATMEGA~1\ARDUIN~1\ARDUIN~1\Debug\libArduinoCore.a(wiring.o)
                0x00003cfe                __vector_23
 .text.millis   0x00003d92       0x18 C:\Users\User\DOCUME~1\ATMELS~1\7.0\NEWSER~1\ATMEGA~1\ARDUIN~1\ARDUIN~1\Debug\libArduinoCore.a(wiring.o)
                0x00003d92                millis
 .text.init     0x00003daa       0x2a C:\Users\User\DOCUME~1\ATMELS~1\7.0\NEWSER~1\ATMEGA~1\ARDUIN~1\ARDUIN~1\Debug\libArduinoCore.a(wiring.o)
                0x00003daa                init
 .text.libgcc.mul
                0x00003dd4       0x1e c:/program files (x86)/atmel/studio/7.0/toolchain/avr8/avr8-gnu-toolchain/bin/../lib/gcc/avr/5.4.0/avr6\libgcc.a(_mulsi3.o)
                0x00003dd4                __mulsi3
 .text.libgcc.div
                0x00003df2       0x26 c:/program files (x86)/atmel/studio/7.0/toolchain/avr8/avr8-gnu-toolchain/bin/../lib/gcc/avr/5.4.0/avr6\libgcc.a(_divmodhi4.o)
                0x00003df2                _div
                0x00003df2                __divmodhi4
 .text.libgcc.div
                0x00003e18       0x44 c:/program files (x86)/atmel/studio/7.0/toolchain/avr8/avr8-gnu-toolchain/bin/../lib/gcc/avr/5.4.0/avr6\libgcc.a(_udivmodsi4.o)
                0x00003e18                __udivmodsi4
 .text.libgcc.div
                0x00003e5c       0x28 c:/program files (x86)/atmel/studio/7.0/toolchain/avr8/avr8-gnu-toolchain/bin/../lib/gcc/avr/5.4.0/avr6\libgcc.a(_divmodsi4.o)
                0x00003e5c                __divmodsi4
 .text.libgcc.div
                0x00003e84       0x10 c:/program files (x86)/atmel/studio/7.0/toolchain/avr8/avr8-gnu-toolchain/bin/../lib/gcc/avr/5.4.0/avr6\libgcc.a(_negsi2.o)
                0x00003e84                __negsi2
 .text.libgcc.mul
                0x00003e94       0x1e c:/program files (x86)/atmel/studio/7.0/toolchain/avr8/avr8-gnu-toolchain/bin/../lib/gcc/avr/5.4.0/avr6\libgcc.a(_umulhisi3.o)
                0x00003e94                __umulhisi3
 .text.libgcc.mul
                0x00003eb2       0x14 c:/program files (x86)/atmel/studio/7.0/toolchain/avr8/avr8-gnu-toolchain/bin/../lib/gcc/avr/5.4.0/avr6\libgcc.a(_muluhisi3.o)
                0x00003eb2                __muluhisi3
 .text.libgcc.mul
                0x00003ec6        0xc c:/program files (x86)/atmel/studio/7.0/toolchain/avr8/avr8-gnu-toolchain/bin/../lib/gcc/avr/5.4.0/avr6\libgcc.a(_mulshisi3.o)
                0x00003ec6                __mulshisi3
                0x00003eca                __mulohisi3
 .text.libgcc.builtins
                0x00003ed2       0x32 c:/program files (x86)/atmel/studio/7.0/toolchain/avr8/avr8-gnu-toolchain/bin/../lib/gcc/avr/5.4.0/avr6\libgcc.a(_ashldi3.o)
                0x00003ed2                __ashldi3
 .text.libgcc.builtins
                0x00003f04       0x3c c:/program files (x86)/atmel/studio/7.0/toolchain/avr8/avr8-gnu-toolchain/bin/../lib/gcc/avr/5.4.0/avr6\libgcc.a(_ashrdi3.o)
                0x00003f04                __ashrdi3
                0x00003f08                __lshrdi3
 .text.libgcc.div
                0x00003f40       0x28 c:/program files (x86)/atmel/studio/7.0/toolchain/avr8/avr8-gnu-toolchain/bin/../lib/gcc/avr/5.4.0/avr6\libgcc.a(_udivmodhi4.o)
                0x00003f40                __udivmodhi4
 .text.libgcc   0x00003f68       0x10 c:/program files (x86)/atmel/studio/7.0/toolchain/avr8/avr8-gnu-toolchain/bin/../lib/gcc/avr/5.4.0/avr6\libgcc.a(_tablejump2.o)
                0x00003f68                __tablejump2__
 .text.avr-libc
                0x00003f78      0x242 c:/program files (x86)/atmel/studio/7.0/toolchain/avr8/avr8-gnu-toolchain/bin/../lib/gcc/avr/5.4.0/../../../../avr/lib/avr6\libc.a(malloc.o)
                0x00003f78                malloc
                0x000040a8                free
 .text.avr-libc
                0x000041ba      0x1c0 c:/program files (x86)/atmel/studio/7.0/toolchain/avr8/avr8-gnu-toolchain/bin/../lib/gcc/avr/5.4.0/../../../../avr/lib/avr6\libc.a(realloc.o)
                0x000041ba                realloc
 .text.avr-libc
                0x0000437a       0x12 c:/program files (x86)/atmel/studio/7.0/toolchain/avr8/avr8-gnu-toolchain/bin/../lib/gcc/avr/5.4.0/../../../../avr/lib/avr6\libc.a(memcpy.o)
                0x0000437a                memcpy
                0x0000438c                . = ALIGN (0x2)
 *(.fini9)
 .fini9         0x0000438c        0x0 c:/program files (x86)/atmel/studio/7.0/toolchain/avr8/avr8-gnu-toolchain/bin/../lib/gcc/avr/5.4.0/avr6\libgcc.a(_exit.o)
                0x0000438c                _exit
                0x0000438c                exit
 *(.fini9)
 *(.fini8)
 *(.fini8)
 *(.fini7)
 *(.fini7)
 *(.fini6)
 *(.fini6)
 *(.fini5)
 *(.fini5)
 *(.fini4)
 *(.fini4)
 *(.fini3)
 *(.fini3)
 *(.fini2)
 *(.fini2)
 *(.fini1)
 *(.fini1)
 *(.fini0)
 .fini0         0x0000438c        0x4 c:/program files (x86)/atmel/studio/7.0/toolchain/avr8/avr8-gnu-toolchain/bin/../lib/gcc/avr/5.4.0/avr6\libgcc.a(_exit.o)
 *(.fini0)
                0x00004390                _etext = .

.data           0x00800200      0x136 load address 0x00004390
                0x00800200                PROVIDE (__data_start, .)
 *(.data)
 .data          0x00800200        0x6 c:/program files (x86)/atmel/studio/7.0/toolchain/avr8/avr8-gnu-toolchain/bin/../lib/gcc/avr/5.4.0/../../../../avr/lib/avr6\libc.a(malloc.o)
                0x00800200                __malloc_heap_end
                0x00800202                __malloc_heap_start
                0x00800204                __malloc_margin
 *(.data*)
 *(.gnu.linkonce.d*)
 *(.rodata)
 *(.rodata*)
 .rodata.str1.1
                0x00800206       0xb4 main.o
                                 0xb5 (size before relaxing)
 .rodata._ZTVN8std_msgs4TimeE
                0x008002ba        0xc main.o
                0x008002ba                _ZTVN8std_msgs4TimeE
 .rodata._ZTVN14rosserial_msgs9TopicInfoE
                0x008002c6        0xc main.o
                0x008002c6                _ZTVN14rosserial_msgs9TopicInfoE
 .rodata._ZTVN14rosserial_msgs3LogE
                0x008002d2        0xc main.o
                0x008002d2                _ZTVN14rosserial_msgs3LogE
 .rodata._ZTVN14rosserial_msgs20RequestParamResponseE
                0x008002de        0xc main.o
                0x008002de                _ZTVN14rosserial_msgs20RequestParamResponseE
 .rodata._ZTVN3ros19FlashReadOutBuffer_E
                0x008002ea        0xc main.o
                0x008002ea                _ZTVN3ros19FlashReadOutBuffer_E
 .rodata._ZTVN8std_msgs5Int32E
                0x008002f6        0xc main.o
                0x008002f6                _ZTVN8std_msgs5Int32E
 .rodata._ZTVN8std_msgs5Int64E
                0x00800302        0xc main.o
                0x00800302                _ZTVN8std_msgs5Int64E
 .rodata._ZTVN3ros11NodeHandle_I15ArduinoHardwareLi25ELi25ELi512ELi512ENS_19FlashReadOutBuffer_EEE
                0x0080030e        0xa main.o
                0x0080030e                _ZTVN3ros11NodeHandle_I15ArduinoHardwareLi25ELi25ELi512ELi512ENS_19FlashReadOutBuffer_EEE
 .rodata._ZTVN3ros10SubscriberIN8std_msgs5Int32EvEE
                0x00800318        0xc main.o
                0x00800318                _ZTVN3ros10SubscriberIN8std_msgs5Int32EvEE
 .rodata._ZTV14HardwareSerial
                0x00800324       0x12 C:\Users\User\DOCUME~1\ATMELS~1\7.0\NEWSER~1\ATMEGA~1\ARDUIN~1\ARDUIN~1\Debug\libArduinoCore.a(HardwareSerial.o)
                0x00800324                _ZTV14HardwareSerial
 *(.gnu.linkonce.r*)
                0x00800336                . = ALIGN (0x2)
                0x00800336                _edata = .
                0x00800336                PROVIDE (__data_end, .)

.bss            0x00800336      0x172
                0x00800336                PROVIDE (__bss_start, .)
 *(.bss)
 *(.bss*)
 .bss.EncoderTicks_1
                0x00800336        0x4 DC_Motor_Driver.o
                0x00800336                EncoderTicks_1
 .bss.EncoderTicks_0
                0x0080033a        0x4 DC_Motor_Driver.o
                0x0080033a                EncoderTicks_0
 .bss.ultraRight
                0x0080033e        0x9 main.o
                0x0080033e                ultraRight
 .bss.ultraMiddle
                0x00800347        0x9 main.o
                0x00800347                ultraMiddle
 .bss.ultraLeft
                0x00800350        0x9 main.o
                0x00800350                ultraLeft
 .bss.motorRight
                0x00800359       0x16 main.o
                0x00800359                motorRight
 .bss.motorLeft
                0x0080036f       0x16 main.o
                0x0080036f                motorLeft
 .bss._ZL9global_ms
                0x00800385        0x4 timer.o
 .bss._ZL8millisec
                0x00800389       0x14 timer.o
 .bss.timerStructInitialized
                0x0080039d        0x1 timer.o
                0x0080039d                timerStructInitialized
 .bss.timerInitialized
                0x0080039e        0x1 timer.o
                0x0080039e                timerInitialized
 .bss.timers    0x0080039f       0x41 timer.o
                0x0080039f                timers
 .bss.BurstSent_Timestamp_Ms_INT_5
                0x008003e0        0x4 Ultra_Sonic_Range_Finder_Driver.o
                0x008003e0                BurstSent_Timestamp_Ms_INT_5
 .bss.BurstSent_Timestamp_Ms_INT_3
                0x008003e4        0x4 Ultra_Sonic_Range_Finder_Driver.o
                0x008003e4                BurstSent_Timestamp_Ms_INT_3
 .bss.BurstSent_Timestamp_Ms_INT_2
                0x008003e8        0x4 Ultra_Sonic_Range_Finder_Driver.o
                0x008003e8                BurstSent_Timestamp_Ms_INT_2
 .bss.BurstSent_Timestamp_INT_5
                0x008003ec        0x4 Ultra_Sonic_Range_Finder_Driver.o
                0x008003ec                BurstSent_Timestamp_INT_5
 .bss.BurstSent_Timestamp_INT_3
                0x008003f0        0x4 Ultra_Sonic_Range_Finder_Driver.o
                0x008003f0                BurstSent_Timestamp_INT_3
 .bss.BurstSent_Timestamp_INT_2
                0x008003f4        0x4 Ultra_Sonic_Range_Finder_Driver.o
                0x008003f4                BurstSent_Timestamp_INT_2
 .bss.CurrentDistance_INT_5
                0x008003f8        0x2 Ultra_Sonic_Range_Finder_Driver.o
                0x008003f8                CurrentDistance_INT_5
 .bss.CurrentDistance_INT_3
                0x008003fa        0x2 Ultra_Sonic_Range_Finder_Driver.o
                0x008003fa                CurrentDistance_INT_3
 .bss.CurrentDistance_INT_2
                0x008003fc        0x2 Ultra_Sonic_Range_Finder_Driver.o
                0x008003fc                CurrentDistance_INT_2
 .bss.Serial    0x008003fe       0x9d C:\Users\User\DOCUME~1\ATMELS~1\7.0\NEWSER~1\ATMEGA~1\ARDUIN~1\ARDUIN~1\Debug\libArduinoCore.a(HardwareSerial0.o)
                0x008003fe                Serial
 .bss.timer0_fract
                0x0080049b        0x1 C:\Users\User\DOCUME~1\ATMELS~1\7.0\NEWSER~1\ATMEGA~1\ARDUIN~1\ARDUIN~1\Debug\libArduinoCore.a(wiring.o)
 .bss.timer0_millis
                0x0080049c        0x4 C:\Users\User\DOCUME~1\ATMELS~1\7.0\NEWSER~1\ATMEGA~1\ARDUIN~1\ARDUIN~1\Debug\libArduinoCore.a(wiring.o)
                0x0080049c                timer0_millis
 .bss.timer0_overflow_count
                0x008004a0        0x4 C:\Users\User\DOCUME~1\ATMELS~1\7.0\NEWSER~1\ATMEGA~1\ARDUIN~1\ARDUIN~1\Debug\libArduinoCore.a(wiring.o)
                0x008004a0                timer0_overflow_count
 *(COMMON)
 COMMON         0x008004a4        0x4 c:/program files (x86)/atmel/studio/7.0/toolchain/avr8/avr8-gnu-toolchain/bin/../lib/gcc/avr/5.4.0/../../../../avr/lib/avr6\libc.a(malloc.o)
                0x008004a4                __brkval
                0x008004a6                __flp
                0x008004a8                PROVIDE (__bss_end, .)
                0x00004390                __data_load_start = LOADADDR (.data)
                0x000044c6                __data_load_end = (__data_load_start + SIZEOF (.data))

.noinit         0x008004a8        0x0
                [!provide]                PROVIDE (__noinit_start, .)
 *(.noinit*)
                [!provide]                PROVIDE (__noinit_end, .)
                0x008004a8                _end = .
                0x008004a8                PROVIDE (__heap_start, .)

.eeprom         0x00810000        0x0
 *(.eeprom*)
                0x00810000                __eeprom_end = .

.fuse
 *(.fuse)
 *(.lfuse)
 *(.hfuse)
 *(.efuse)

.lock
 *(.lock*)

.signature
 *(.signature*)

.user_signatures
 *(.user_signatures*)

.stab
 *(.stab)

.stabstr
 *(.stabstr)

.stab.excl
 *(.stab.excl)

.stab.exclstr
 *(.stab.exclstr)

.stab.index
 *(.stab.index)

.stab.indexstr
 *(.stab.indexstr)

.comment        0x00000000       0x30
 *(.comment)
 .comment       0x00000000       0x30 DC_Motor_Driver.o
                                 0x31 (size before relaxing)
 .comment       0x00000030       0x31 Encoder_Tracker.o
 .comment       0x00000030       0x31 events.o
 .comment       0x00000030       0x31 helperFunctions.o
 .comment       0x00000030       0x31 main.o
 .comment       0x00000030       0x31 PidController.o
 .comment       0x00000030       0x31 queue.o
 .comment       0x00000030       0x31 src/libraries/Rosserial_Arduino_Library/src/time.o
 .comment       0x00000030       0x31 timer.o
 .comment       0x00000030       0x31 Ultra_Sonic_Range_Finder_Driver.o
 .comment       0x00000030       0x31 C:\Users\User\DOCUME~1\ATMELS~1\7.0\NEWSER~1\ATMEGA~1\ARDUIN~1\ARDUIN~1\Debug\libArduinoCore.a(HardwareSerial.o)
 .comment       0x00000030       0x31 C:\Users\User\DOCUME~1\ATMELS~1\7.0\NEWSER~1\ATMEGA~1\ARDUIN~1\ARDUIN~1\Debug\libArduinoCore.a(HardwareSerial0.o)
 .comment       0x00000030       0x31 C:\Users\User\DOCUME~1\ATMELS~1\7.0\NEWSER~1\ATMEGA~1\ARDUIN~1\ARDUIN~1\Debug\libArduinoCore.a(new.o)
 .comment       0x00000030       0x31 C:\Users\User\DOCUME~1\ATMELS~1\7.0\NEWSER~1\ATMEGA~1\ARDUIN~1\ARDUIN~1\Debug\libArduinoCore.a(Print.o)
 .comment       0x00000030       0x31 C:\Users\User\DOCUME~1\ATMELS~1\7.0\NEWSER~1\ATMEGA~1\ARDUIN~1\ARDUIN~1\Debug\libArduinoCore.a(wiring.o)
 .comment       0x00000030       0x31 c:/program files (x86)/atmel/studio/7.0/toolchain/avr8/avr8-gnu-toolchain/bin/../lib/gcc/avr/5.4.0/../../../../avr/lib/avr6\libc.a(malloc.o)
 .comment       0x00000030       0x31 c:/program files (x86)/atmel/studio/7.0/toolchain/avr8/avr8-gnu-toolchain/bin/../lib/gcc/avr/5.4.0/../../../../avr/lib/avr6\libc.a(realloc.o)

.note.gnu.avr.deviceinfo
                0x00000000       0x40
 .note.gnu.avr.deviceinfo
                0x00000000       0x40 C:/Program Files (x86)/Atmel/Studio/7.0/Packs/atmel/ATmega_DFP/1.6.364/gcc/dev/atmega2560/avr6/crtatmega2560.o

.note.gnu.build-id
 *(.note.gnu.build-id)

.debug
 *(.debug)

.line
 *(.line)

.debug_srcinfo
 *(.debug_srcinfo)

.debug_sfnames
 *(.debug_sfnames)

.debug_aranges  0x00000000      0x6f0
 *(.debug_aranges)
 .debug_aranges
                0x00000000       0x88 DC_Motor_Driver.o
 .debug_aranges
                0x00000088       0x48 Encoder_Tracker.o
 .debug_aranges
                0x000000d0       0x38 events.o
 .debug_aranges
                0x00000108       0x50 helperFunctions.o
 .debug_aranges
                0x00000158      0x1d8 main.o
 .debug_aranges
                0x00000330       0x38 PidController.o
 .debug_aranges
                0x00000368       0x60 queue.o
 .debug_aranges
                0x000003c8       0x38 src/libraries/Rosserial_Arduino_Library/src/time.o
 .debug_aranges
                0x00000400       0x68 timer.o
 .debug_aranges
                0x00000468       0x60 Ultra_Sonic_Range_Finder_Driver.o
 .debug_aranges
                0x000004c8       0x68 C:\Users\User\DOCUME~1\ATMELS~1\7.0\NEWSER~1\ATMEGA~1\ARDUIN~1\ARDUIN~1\Debug\libArduinoCore.a(HardwareSerial.o)
 .debug_aranges
                0x00000530       0x48 C:\Users\User\DOCUME~1\ATMELS~1\7.0\NEWSER~1\ATMEGA~1\ARDUIN~1\ARDUIN~1\Debug\libArduinoCore.a(HardwareSerial0.o)
 .debug_aranges
                0x00000578       0x30 C:\Users\User\DOCUME~1\ATMELS~1\7.0\NEWSER~1\ATMEGA~1\ARDUIN~1\ARDUIN~1\Debug\libArduinoCore.a(new.o)
 .debug_aranges
                0x000005a8      0x100 C:\Users\User\DOCUME~1\ATMELS~1\7.0\NEWSER~1\ATMEGA~1\ARDUIN~1\ARDUIN~1\Debug\libArduinoCore.a(Print.o)
 .debug_aranges
                0x000006a8       0x48 C:\Users\User\DOCUME~1\ATMELS~1\7.0\NEWSER~1\ATMEGA~1\ARDUIN~1\ARDUIN~1\Debug\libArduinoCore.a(wiring.o)

.debug_pubnames
 *(.debug_pubnames)

.debug_info     0x00000000    0x105c7
 *(.debug_info .gnu.linkonce.wi.*)
 .debug_info    0x00000000      0xbbc C:/Program Files (x86)/Atmel/Studio/7.0/Packs/atmel/ATmega_DFP/1.6.364/gcc/dev/atmega2560/avr6/crtatmega2560.o
 .debug_info    0x00000bbc      0x967 DC_Motor_Driver.o
 .debug_info    0x00001523      0x5a0 Encoder_Tracker.o
 .debug_info    0x00001ac3      0x18a events.o
 .debug_info    0x00001c4d      0x3a6 helperFunctions.o
 .debug_info    0x00001ff3     0x60f5 main.o
 .debug_info    0x000080e8      0x5d1 PidController.o
 .debug_info    0x000086b9      0x398 queue.o
 .debug_info    0x00008a51      0x4dc src/libraries/Rosserial_Arduino_Library/src/time.o
 .debug_info    0x00008f2d      0x439 timer.o
 .debug_info    0x00009366      0x8aa Ultra_Sonic_Range_Finder_Driver.o
 .debug_info    0x00009c10     0x205e C:\Users\User\DOCUME~1\ATMELS~1\7.0\NEWSER~1\ATMEGA~1\ARDUIN~1\ARDUIN~1\Debug\libArduinoCore.a(HardwareSerial.o)
 .debug_info    0x0000bc6e     0x1b74 C:\Users\User\DOCUME~1\ATMELS~1\7.0\NEWSER~1\ATMEGA~1\ARDUIN~1\ARDUIN~1\Debug\libArduinoCore.a(HardwareSerial0.o)
 .debug_info    0x0000d7e2      0x15f C:\Users\User\DOCUME~1\ATMELS~1\7.0\NEWSER~1\ATMEGA~1\ARDUIN~1\ARDUIN~1\Debug\libArduinoCore.a(new.o)
 .debug_info    0x0000d941     0x295d C:\Users\User\DOCUME~1\ATMELS~1\7.0\NEWSER~1\ATMEGA~1\ARDUIN~1\ARDUIN~1\Debug\libArduinoCore.a(Print.o)
 .debug_info    0x0001029e      0x329 C:\Users\User\DOCUME~1\ATMELS~1\7.0\NEWSER~1\ATMEGA~1\ARDUIN~1\ARDUIN~1\Debug\libArduinoCore.a(wiring.o)

.debug_abbrev   0x00000000     0x34d3
 *(.debug_abbrev)
 .debug_abbrev  0x00000000      0xb1a C:/Program Files (x86)/Atmel/Studio/7.0/Packs/atmel/ATmega_DFP/1.6.364/gcc/dev/atmega2560/avr6/crtatmega2560.o
 .debug_abbrev  0x00000b1a      0x27b DC_Motor_Driver.o
 .debug_abbrev  0x00000d95      0x21e Encoder_Tracker.o
 .debug_abbrev  0x00000fb3       0xc9 events.o
 .debug_abbrev  0x0000107c      0x1a2 helperFunctions.o
 .debug_abbrev  0x0000121e      0x97d main.o
 .debug_abbrev  0x00001b9b      0x25a PidController.o
 .debug_abbrev  0x00001df5      0x1c3 queue.o
 .debug_abbrev  0x00001fb8      0x19f src/libraries/Rosserial_Arduino_Library/src/time.o
 .debug_abbrev  0x00002157      0x202 timer.o
 .debug_abbrev  0x00002359      0x22c Ultra_Sonic_Range_Finder_Driver.o
 .debug_abbrev  0x00002585      0x4b7 C:\Users\User\DOCUME~1\ATMELS~1\7.0\NEWSER~1\ATMEGA~1\ARDUIN~1\ARDUIN~1\Debug\libArduinoCore.a(HardwareSerial.o)
 .debug_abbrev  0x00002a3c      0x3ce C:\Users\User\DOCUME~1\ATMELS~1\7.0\NEWSER~1\ATMEGA~1\ARDUIN~1\ARDUIN~1\Debug\libArduinoCore.a(HardwareSerial0.o)
 .debug_abbrev  0x00002e0a      0x109 C:\Users\User\DOCUME~1\ATMELS~1\7.0\NEWSER~1\ATMEGA~1\ARDUIN~1\ARDUIN~1\Debug\libArduinoCore.a(new.o)
 .debug_abbrev  0x00002f13      0x47a C:\Users\User\DOCUME~1\ATMELS~1\7.0\NEWSER~1\ATMEGA~1\ARDUIN~1\ARDUIN~1\Debug\libArduinoCore.a(Print.o)
 .debug_abbrev  0x0000338d      0x146 C:\Users\User\DOCUME~1\ATMELS~1\7.0\NEWSER~1\ATMEGA~1\ARDUIN~1\ARDUIN~1\Debug\libArduinoCore.a(wiring.o)

.debug_line     0x00000000     0x3f17
 *(.debug_line .debug_line.* .debug_line_end)
 .debug_line    0x00000000      0x1fa C:/Program Files (x86)/Atmel/Studio/7.0/Packs/atmel/ATmega_DFP/1.6.364/gcc/dev/atmega2560/avr6/crtatmega2560.o
 .debug_line    0x000001fa      0x33f DC_Motor_Driver.o
 .debug_line    0x00000539      0x1d8 Encoder_Tracker.o
 .debug_line    0x00000711      0x135 events.o
 .debug_line    0x00000846      0x231 helperFunctions.o
 .debug_line    0x00000a77     0x16fa main.o
 .debug_line    0x00002171      0x22b PidController.o
 .debug_line    0x0000239c      0x233 queue.o
 .debug_line    0x000025cf      0x1a6 src/libraries/Rosserial_Arduino_Library/src/time.o
 .debug_line    0x00002775      0x2f5 timer.o
 .debug_line    0x00002a6a      0x2de Ultra_Sonic_Range_Finder_Driver.o
 .debug_line    0x00002d48      0x527 C:\Users\User\DOCUME~1\ATMELS~1\7.0\NEWSER~1\ATMEGA~1\ARDUIN~1\ARDUIN~1\Debug\libArduinoCore.a(HardwareSerial.o)
 .debug_line    0x0000326f      0x288 C:\Users\User\DOCUME~1\ATMELS~1\7.0\NEWSER~1\ATMEGA~1\ARDUIN~1\ARDUIN~1\Debug\libArduinoCore.a(HardwareSerial0.o)
 .debug_line    0x000034f7      0x145 C:\Users\User\DOCUME~1\ATMELS~1\7.0\NEWSER~1\ATMEGA~1\ARDUIN~1\ARDUIN~1\Debug\libArduinoCore.a(new.o)
 .debug_line    0x0000363c      0x681 C:\Users\User\DOCUME~1\ATMELS~1\7.0\NEWSER~1\ATMEGA~1\ARDUIN~1\ARDUIN~1\Debug\libArduinoCore.a(Print.o)
 .debug_line    0x00003cbd      0x25a C:\Users\User\DOCUME~1\ATMELS~1\7.0\NEWSER~1\ATMEGA~1\ARDUIN~1\ARDUIN~1\Debug\libArduinoCore.a(wiring.o)

.debug_frame    0x00000000     0x1a30
 *(.debug_frame)
 .debug_frame   0x00000000      0x2ac DC_Motor_Driver.o
 .debug_frame   0x000002ac      0x120 Encoder_Tracker.o
 .debug_frame   0x000003cc       0x94 events.o
 .debug_frame   0x00000460      0x17c helperFunctions.o
 .debug_frame   0x000005dc      0x758 main.o
 .debug_frame   0x00000d34       0xec PidController.o
 .debug_frame   0x00000e20      0x12c queue.o
 .debug_frame   0x00000f4c       0xb0 src/libraries/Rosserial_Arduino_Library/src/time.o
 .debug_frame   0x00000ffc      0x150 timer.o
 .debug_frame   0x0000114c      0x220 Ultra_Sonic_Range_Finder_Driver.o
 .debug_frame   0x0000136c      0x110 C:\Users\User\DOCUME~1\ATMELS~1\7.0\NEWSER~1\ATMEGA~1\ARDUIN~1\ARDUIN~1\Debug\libArduinoCore.a(HardwareSerial.o)
 .debug_frame   0x0000147c       0xe0 C:\Users\User\DOCUME~1\ATMELS~1\7.0\NEWSER~1\ATMEGA~1\ARDUIN~1\ARDUIN~1\Debug\libArduinoCore.a(HardwareSerial0.o)
 .debug_frame   0x0000155c       0x64 C:\Users\User\DOCUME~1\ATMELS~1\7.0\NEWSER~1\ATMEGA~1\ARDUIN~1\ARDUIN~1\Debug\libArduinoCore.a(new.o)
 .debug_frame   0x000015c0      0x3ac C:\Users\User\DOCUME~1\ATMELS~1\7.0\NEWSER~1\ATMEGA~1\ARDUIN~1\ARDUIN~1\Debug\libArduinoCore.a(Print.o)
 .debug_frame   0x0000196c       0xc4 C:\Users\User\DOCUME~1\ATMELS~1\7.0\NEWSER~1\ATMEGA~1\ARDUIN~1\ARDUIN~1\Debug\libArduinoCore.a(wiring.o)

.debug_str      0x00000000     0x664a
 *(.debug_str)
 .debug_str     0x00000000      0x3e6 C:/Program Files (x86)/Atmel/Studio/7.0/Packs/atmel/ATmega_DFP/1.6.364/gcc/dev/atmega2560/avr6/crtatmega2560.o
 .debug_str     0x000003e6      0x7d8 DC_Motor_Driver.o
                                0x862 (size before relaxing)
 .debug_str     0x00000bbe      0x222 Encoder_Tracker.o
                                0x4bb (size before relaxing)
 .debug_str     0x00000de0       0xa0 events.o
                                0x2b0 (size before relaxing)
 .debug_str     0x00000e80      0x186 helperFunctions.o
                                0x31e (size before relaxing)
 .debug_str     0x00001006     0x3591 main.o
                               0x3fb2 (size before relaxing)
 .debug_str     0x00004597       0xa1 PidController.o
                                0x522 (size before relaxing)
 .debug_str     0x00004638      0x104 queue.o
                                0x3af (size before relaxing)
 .debug_str     0x0000473c       0x42 src/libraries/Rosserial_Arduino_Library/src/time.o
                                0x44d (size before relaxing)
 .debug_str     0x0000477e      0x15a timer.o
                                0x48b (size before relaxing)
 .debug_str     0x000048d8      0x293 Ultra_Sonic_Range_Finder_Driver.o
                                0x6c9 (size before relaxing)
 .debug_str     0x00004b6b     0x14e4 C:\Users\User\DOCUME~1\ATMELS~1\7.0\NEWSER~1\ATMEGA~1\ARDUIN~1\ARDUIN~1\Debug\libArduinoCore.a(HardwareSerial.o)
                               0x16fd (size before relaxing)
 .debug_str     0x0000604f       0x86 C:\Users\User\DOCUME~1\ATMELS~1\7.0\NEWSER~1\ATMEGA~1\ARDUIN~1\ARDUIN~1\Debug\libArduinoCore.a(HardwareSerial0.o)
                               0x1418 (size before relaxing)
 .debug_str     0x000060d5       0x4f C:\Users\User\DOCUME~1\ATMELS~1\7.0\NEWSER~1\ATMEGA~1\ARDUIN~1\ARDUIN~1\Debug\libArduinoCore.a(new.o)
                                0x1ef (size before relaxing)
 .debug_str     0x00006124      0x3c5 C:\Users\User\DOCUME~1\ATMELS~1\7.0\NEWSER~1\ATMEGA~1\ARDUIN~1\ARDUIN~1\Debug\libArduinoCore.a(Print.o)
                               0x1252 (size before relaxing)
 .debug_str     0x000064e9      0x161 C:\Users\User\DOCUME~1\ATMELS~1\7.0\NEWSER~1\ATMEGA~1\ARDUIN~1\ARDUIN~1\Debug\libArduinoCore.a(wiring.o)
                                0x25a (size before relaxing)

.debug_loc      0x00000000     0x87d9
 *(.debug_loc)
 .debug_loc     0x00000000      0xa1d DC_Motor_Driver.o
 .debug_loc     0x00000a1d      0x5e7 Encoder_Tracker.o
 .debug_loc     0x00001004      0x1b4 events.o
 .debug_loc     0x000011b8      0x6a3 helperFunctions.o
 .debug_loc     0x0000185b     0x2f36 main.o
 .debug_loc     0x00004791      0x40d PidController.o
 .debug_loc     0x00004b9e      0x4ca queue.o
 .debug_loc     0x00005068      0x31c src/libraries/Rosserial_Arduino_Library/src/time.o
 .debug_loc     0x00005384      0x339 timer.o
 .debug_loc     0x000056bd      0xb0a Ultra_Sonic_Range_Finder_Driver.o
 .debug_loc     0x000061c7      0x4dc C:\Users\User\DOCUME~1\ATMELS~1\7.0\NEWSER~1\ATMEGA~1\ARDUIN~1\ARDUIN~1\Debug\libArduinoCore.a(HardwareSerial.o)
 .debug_loc     0x000066a3      0x1b0 C:\Users\User\DOCUME~1\ATMELS~1\7.0\NEWSER~1\ATMEGA~1\ARDUIN~1\ARDUIN~1\Debug\libArduinoCore.a(HardwareSerial0.o)
 .debug_loc     0x00006853       0x72 C:\Users\User\DOCUME~1\ATMELS~1\7.0\NEWSER~1\ATMEGA~1\ARDUIN~1\ARDUIN~1\Debug\libArduinoCore.a(new.o)
 .debug_loc     0x000068c5     0x1c87 C:\Users\User\DOCUME~1\ATMELS~1\7.0\NEWSER~1\ATMEGA~1\ARDUIN~1\ARDUIN~1\Debug\libArduinoCore.a(Print.o)
 .debug_loc     0x0000854c      0x28d C:\Users\User\DOCUME~1\ATMELS~1\7.0\NEWSER~1\ATMEGA~1\ARDUIN~1\ARDUIN~1\Debug\libArduinoCore.a(wiring.o)

.debug_macinfo
 *(.debug_macinfo)

.debug_weaknames
 *(.debug_weaknames)

.debug_funcnames
 *(.debug_funcnames)

.debug_typenames
 *(.debug_typenames)

.debug_varnames
 *(.debug_varnames)

.debug_pubtypes
 *(.debug_pubtypes)

.debug_ranges   0x00000000      0x720
 *(.debug_ranges)
 .debug_ranges  0x00000000       0x78 DC_Motor_Driver.o
 .debug_ranges  0x00000078       0x38 Encoder_Tracker.o
 .debug_ranges  0x000000b0       0x28 events.o
 .debug_ranges  0x000000d8       0x40 helperFunctions.o
 .debug_ranges  0x00000118      0x288 main.o
 .debug_ranges  0x000003a0       0x40 PidController.o
 .debug_ranges  0x000003e0       0x68 queue.o
 .debug_ranges  0x00000448       0x28 src/libraries/Rosserial_Arduino_Library/src/time.o
 .debug_ranges  0x00000470       0x58 timer.o
 .debug_ranges  0x000004c8       0x50 Ultra_Sonic_Range_Finder_Driver.o
 .debug_ranges  0x00000518       0x58 C:\Users\User\DOCUME~1\ATMELS~1\7.0\NEWSER~1\ATMEGA~1\ARDUIN~1\ARDUIN~1\Debug\libArduinoCore.a(HardwareSerial.o)
 .debug_ranges  0x00000570       0x38 C:\Users\User\DOCUME~1\ATMELS~1\7.0\NEWSER~1\ATMEGA~1\ARDUIN~1\ARDUIN~1\Debug\libArduinoCore.a(HardwareSerial0.o)
 .debug_ranges  0x000005a8       0x20 C:\Users\User\DOCUME~1\ATMELS~1\7.0\NEWSER~1\ATMEGA~1\ARDUIN~1\ARDUIN~1\Debug\libArduinoCore.a(new.o)
 .debug_ranges  0x000005c8      0x120 C:\Users\User\DOCUME~1\ATMELS~1\7.0\NEWSER~1\ATMEGA~1\ARDUIN~1\ARDUIN~1\Debug\libArduinoCore.a(Print.o)
 .debug_ranges  0x000006e8       0x38 C:\Users\User\DOCUME~1\ATMELS~1\7.0\NEWSER~1\ATMEGA~1\ARDUIN~1\ARDUIN~1\Debug\libArduinoCore.a(wiring.o)

.debug_macro
 *(.debug_macro)
OUTPUT(DC_Motor_Ultra.elf elf32-avr)
LOAD linker stubs
