Archive member included to satisfy reference by file (symbol)

c:/program files (x86)/atmel/studio/7.0/toolchain/avr8/avr8-gnu-toolchain/bin/../lib/gcc/avr/5.4.0/../../../../avr/lib/avr6\libm.a(fixsfsi.o)
                              src/libraries/Rosserial_Arduino_Library/src/duration.o (__fixsfsi)
c:/program files (x86)/atmel/studio/7.0/toolchain/avr8/avr8-gnu-toolchain/bin/../lib/gcc/avr/5.4.0/../../../../avr/lib/avr6\libm.a(fixunssfsi.o)
                              c:/program files (x86)/atmel/studio/7.0/toolchain/avr8/avr8-gnu-toolchain/bin/../lib/gcc/avr/5.4.0/../../../../avr/lib/avr6\libm.a(fixsfsi.o) (__fixunssfsi)
c:/program files (x86)/atmel/studio/7.0/toolchain/avr8/avr8-gnu-toolchain/bin/../lib/gcc/avr/5.4.0/../../../../avr/lib/avr6\libm.a(floatsisf.o)
                              src/libraries/Rosserial_Arduino_Library/src/duration.o (__floatsisf)
c:/program files (x86)/atmel/studio/7.0/toolchain/avr8/avr8-gnu-toolchain/bin/../lib/gcc/avr/5.4.0/../../../../avr/lib/avr6\libm.a(fp_split3.o)
                              c:/program files (x86)/atmel/studio/7.0/toolchain/avr8/avr8-gnu-toolchain/bin/../lib/gcc/avr/5.4.0/../../../../avr/lib/avr6\libm.a(fixunssfsi.o) (__fp_splitA)
c:/program files (x86)/atmel/studio/7.0/toolchain/avr8/avr8-gnu-toolchain/bin/../lib/gcc/avr/5.4.0/../../../../avr/lib/avr6\libm.a(fp_zero.o)
                              c:/program files (x86)/atmel/studio/7.0/toolchain/avr8/avr8-gnu-toolchain/bin/../lib/gcc/avr/5.4.0/../../../../avr/lib/avr6\libm.a(fixunssfsi.o) (__fp_zero)
c:/program files (x86)/atmel/studio/7.0/toolchain/avr8/avr8-gnu-toolchain/bin/../lib/gcc/avr/5.4.0/../../../../avr/lib/avr6\libm.a(mulsf3.o)
                              src/libraries/Rosserial_Arduino_Library/src/duration.o (__mulsf3)
c:/program files (x86)/atmel/studio/7.0/toolchain/avr8/avr8-gnu-toolchain/bin/../lib/gcc/avr/5.4.0/../../../../avr/lib/avr6\libm.a(mulsf3x.o)
                              c:/program files (x86)/atmel/studio/7.0/toolchain/avr8/avr8-gnu-toolchain/bin/../lib/gcc/avr/5.4.0/../../../../avr/lib/avr6\libm.a(mulsf3.o) (__mulsf3x)
c:/program files (x86)/atmel/studio/7.0/toolchain/avr8/avr8-gnu-toolchain/bin/../lib/gcc/avr/5.4.0/../../../../avr/lib/avr6\libm.a(fp_inf.o)
                              c:/program files (x86)/atmel/studio/7.0/toolchain/avr8/avr8-gnu-toolchain/bin/../lib/gcc/avr/5.4.0/../../../../avr/lib/avr6\libm.a(mulsf3x.o) (__fp_inf)
c:/program files (x86)/atmel/studio/7.0/toolchain/avr8/avr8-gnu-toolchain/bin/../lib/gcc/avr/5.4.0/../../../../avr/lib/avr6\libm.a(fp_nan.o)
                              c:/program files (x86)/atmel/studio/7.0/toolchain/avr8/avr8-gnu-toolchain/bin/../lib/gcc/avr/5.4.0/../../../../avr/lib/avr6\libm.a(mulsf3x.o) (__fp_nan)
c:/program files (x86)/atmel/studio/7.0/toolchain/avr8/avr8-gnu-toolchain/bin/../lib/gcc/avr/5.4.0/../../../../avr/lib/avr6\libm.a(fp_pscA.o)
                              c:/program files (x86)/atmel/studio/7.0/toolchain/avr8/avr8-gnu-toolchain/bin/../lib/gcc/avr/5.4.0/../../../../avr/lib/avr6\libm.a(mulsf3x.o) (__fp_pscA)
c:/program files (x86)/atmel/studio/7.0/toolchain/avr8/avr8-gnu-toolchain/bin/../lib/gcc/avr/5.4.0/../../../../avr/lib/avr6\libm.a(fp_pscB.o)
                              c:/program files (x86)/atmel/studio/7.0/toolchain/avr8/avr8-gnu-toolchain/bin/../lib/gcc/avr/5.4.0/../../../../avr/lib/avr6\libm.a(mulsf3x.o) (__fp_pscB)
c:/program files (x86)/atmel/studio/7.0/toolchain/avr8/avr8-gnu-toolchain/bin/../lib/gcc/avr/5.4.0/../../../../avr/lib/avr6\libm.a(fp_round.o)
                              c:/program files (x86)/atmel/studio/7.0/toolchain/avr8/avr8-gnu-toolchain/bin/../lib/gcc/avr/5.4.0/../../../../avr/lib/avr6\libm.a(mulsf3.o) (__fp_round)
C:\Users\User\Documents\Atmel Studio\7.0\NEWSerialTest\rosSerial\rosSerial\ArduinoCore\Debug\libArduinoCore.a(HardwareSerial.o)
                              main.o (_ZN14HardwareSerial5beginEmh)
C:\Users\User\Documents\Atmel Studio\7.0\NEWSerialTest\rosSerial\rosSerial\ArduinoCore\Debug\libArduinoCore.a(HardwareSerial0.o)
                              main.o (Serial)
C:\Users\User\Documents\Atmel Studio\7.0\NEWSerialTest\rosSerial\rosSerial\ArduinoCore\Debug\libArduinoCore.a(HardwareSerial3.o)
                              main.o (Serial3)
C:\Users\User\Documents\Atmel Studio\7.0\NEWSerialTest\rosSerial\rosSerial\ArduinoCore\Debug\libArduinoCore.a(new.o)
                              main.o (_Znaj)
C:\Users\User\Documents\Atmel Studio\7.0\NEWSerialTest\rosSerial\rosSerial\ArduinoCore\Debug\libArduinoCore.a(Print.o)
                              main.o (_ZN5Print5writeEPKhj)
C:\Users\User\Documents\Atmel Studio\7.0\NEWSerialTest\rosSerial\rosSerial\ArduinoCore\Debug\libArduinoCore.a(wiring.o)
                              main.o (millis)
C:\Users\User\Documents\Atmel Studio\7.0\NEWSerialTest\rosSerial\rosSerial\ArduinoCore\Debug\libArduinoCore.a(abi.o)
[...]
Memory Configuration

Name             Origin             Length             Attributes
text             0x00000000         0x00040000         xr
data             0x00800200         0x00002000         rw !x
eeprom           0x00810000         0x00001000         rw !x
fuse             0x00820000         0x00000003         rw !x
lock             0x00830000         0x00000400         rw !x
signature        0x00840000         0x00000400         rw !x
user_signatures  0x00850000         0x00000400         rw !x
*default*        0x00000000         0xffffffff

Linker script and memory map

Address of section .data set to 0x800200
LOAD C:/Program Files (x86)/Atmel/Studio/7.0/Packs/atmel/ATmega_DFP/1.6.364/gcc/dev/atmega2560/avr6/crtatmega2560.o
LOAD DC_Motor_Driver.o
LOAD main.o
LOAD src/libraries/Rosserial_Arduino_Library/src/duration.o
LOAD src/libraries/Rosserial_Arduino_Library/src/time.o
START GROUP
LOAD c:/program files (x86)/atmel/studio/7.0/toolchain/avr8/avr8-gnu-toolchain/bin/../lib/gcc/avr/5.4.0/../../../../avr/lib/avr6\libm.a
LOAD C:\Users\User\Documents\Atmel Studio\7.0\NEWSerialTest\rosSerial\rosSerial\ArduinoCore\Debug\libArduinoCore.a
END GROUP
LOAD c:/program files (x86)/atmel/studio/7.0/toolchain/avr8/avr8-gnu-toolchain/bin/../lib/gcc/avr/5.4.0/avr6\libgcc.a
LOAD c:/program files (x86)/atmel/studio/7.0/toolchain/avr8/avr8-gnu-toolchain/bin/../lib/gcc/avr/5.4.0/../../../../avr/lib/avr6\libm.a
START GROUP
LOAD c:/program files (x86)/atmel/studio/7.0/toolchain/avr8/avr8-gnu-toolchain/bin/../lib/gcc/avr/5.4.0/avr6\libgcc.a
LOAD c:/program files (x86)/atmel/studio/7.0/toolchain/avr8/avr8-gnu-toolchain/bin/../lib/gcc/avr/5.4.0/../../../../avr/lib/avr6\libm.a
LOAD c:/program files (x86)/atmel/studio/7.0/toolchain/avr8/avr8-gnu-toolchain/bin/../lib/gcc/avr/5.4.0/../../../../avr/lib/avr6\libc.a
LOAD C:/Program Files (x86)/Atmel/Studio/7.0/Packs/atmel/ATmega_DFP/1.6.364/gcc/dev/atmega2560/avr6\libatmega2560.a
END GROUP
                0x00000000                __TEXT_REGION_ORIGIN__ = DEFINED (__TEXT_REGION_ORIGIN__)?__TEXT_REGION_ORIGIN__:0x0
                [0x00800200]                __DATA_REGION_ORIGIN__ = DEFINED (__DATA_REGION_ORIGIN__)?__DATA_REGION_ORIGIN__:0x800200
                [0x00040000]                __TEXT_REGION_LENGTH__ = DEFINED (__TEXT_REGION_LENGTH__)?__TEXT_REGION_LENGTH__:0x100000
                [0x00002000]                __DATA_REGION_LENGTH__ = DEFINED (__DATA_REGION_LENGTH__)?__DATA_REGION_LENGTH__:0xfe00
                [0x00001000]                __EEPROM_REGION_LENGTH__ = DEFINED (__EEPROM_REGION_LENGTH__)?__EEPROM_REGION_LENGTH__:0x10000
                [0x00000003]                __FUSE_REGION_LENGTH__ = DEFINED (__FUSE_REGION_LENGTH__)?__FUSE_REGION_LENGTH__:0x400
                0x00000400                __LOCK_REGION_LENGTH__ = DEFINED (__LOCK_REGION_LENGTH__)?__LOCK_REGION_LENGTH__:0x400
                0x00000400                __SIGNATURE_REGION_LENGTH__ = DEFINED (__SIGNATURE_REGION_LENGTH__)?__SIGNATURE_REGION_LENGTH__:0x400
                0x00000400                __USER_SIGNATURE_REGION_LENGTH__ = DEFINED (__USER_SIGNATURE_REGION_LENGTH__)?__USER_SIGNATURE_REGION_LENGTH__:0x400

.hash
 *(.hash)

.dynsym
 *(.dynsym)

.dynstr
 *(.dynstr)

.gnu.version
 *(.gnu.version)

.gnu.version_d
 *(.gnu.version_d)

.gnu.version_r
 *(.gnu.version_r)

.rel.init
 *(.rel.init)

.rela.init
 *(.rela.init)

.rel.text
 *(.rel.text)
 *(.rel.text.*)
 *(.rel.gnu.linkonce.t*)

.rela.text
 *(.rela.text)
 *(.rela.text.*)
 *(.rela.gnu.linkonce.t*)

.rel.fini
 *(.rel.fini)

.rela.fini
 *(.rela.fini)

.rel.rodata
 *(.rel.rodata)
 *(.rel.rodata.*)
 *(.rel.gnu.linkonce.r*)

.rela.rodata
 *(.rela.rodata)
 *(.rela.rodata.*)
 *(.rela.gnu.linkonce.r*)

.rel.data
 *(.rel.data)
 *(.rel.data.*)
 *(.rel.gnu.linkonce.d*)

.rela.data
 *(.rela.data)
 *(.rela.data.*)
 *(.rela.gnu.linkonce.d*)

.rel.ctors
 *(.rel.ctors)

.rela.ctors
 *(.rela.ctors)

.rel.dtors
 *(.rel.dtors)

.rela.dtors
 *(.rela.dtors)

.rel.got
 *(.rel.got)

.rela.got
 *(.rela.got)

.rel.bss
 *(.rel.bss)

.rela.bss
 *(.rela.bss)

.rel.plt
 *(.rel.plt)

.rela.plt
 *(.rela.plt)

.text           0x00000000     0x2b2a
 *(.vectors)
 .vectors       0x00000000       0xe4 C:/Program Files (x86)/Atmel/Studio/7.0/Packs/atmel/ATmega_DFP/1.6.364/gcc/dev/atmega2560/avr6/crtatmega2560.o
                0x00000000                __vector_default
                0x00000000                __vectors
 *(.vectors)
 *(.progmem.gcc*)
                0x000000e4                . = ALIGN (0x2)
                0x000000e4                __trampolines_start = .
 *(.trampolines)
 .trampolines   0x000000e4        0x0 linker stubs
 *(.trampolines*)
                0x000000e4                __trampolines_end = .
 *libprintf_flt.a:*(.progmem.data)
 *libc.a:*(.progmem.data)
 *(.progmem*)
 .progmem.data._ZZN8std_msgs5Int326getMD5EvE3__c
                0x000000e4       0x21 main.o
                0x000000e4                _ZZN8std_msgs5Int326getMD5EvE3__c
 .progmem.data._ZZN8std_msgs5Int327getTypeEvE3__c
                0x00000105        0xf main.o
                0x00000105                _ZZN8std_msgs5Int327getTypeEvE3__c
 .progmem.data._ZZN14rosserial_msgs20RequestParamResponse6getMD5EvE3__c
                0x00000114       0x21 main.o
                0x00000114                _ZZN14rosserial_msgs20RequestParamResponse6getMD5EvE3__c
 .progmem.data._ZN14rosserial_msgsL12REQUESTPARAME
                0x00000135       0x1c main.o
 .progmem.data._ZZN14rosserial_msgs3Log6getMD5EvE3__c
                0x00000151       0x21 main.o
                0x00000151                _ZZN14rosserial_msgs3Log6getMD5EvE3__c
 .progmem.data._ZZN14rosserial_msgs3Log7getTypeEvE3__c
                0x00000172       0x13 main.o
                0x00000172                _ZZN14rosserial_msgs3Log7getTypeEvE3__c
 .progmem.data._ZZN14rosserial_msgs9TopicInfo6getMD5EvE3__c
                0x00000185       0x21 main.o
                0x00000185                _ZZN14rosserial_msgs9TopicInfo6getMD5EvE3__c
 .progmem.data._ZZN14rosserial_msgs9TopicInfo7getTypeEvE3__c
                0x000001a6       0x19 main.o
                0x000001a6                _ZZN14rosserial_msgs9TopicInfo7getTypeEvE3__c
 .progmem.data._ZZN8std_msgs4Time6getMD5EvE3__c
                0x000001bf       0x21 main.o
                0x000001bf                _ZZN8std_msgs4Time6getMD5EvE3__c
 .progmem.data._ZZN8std_msgs4Time7getTypeEvE3__c
                0x000001e0        0xe main.o
                0x000001e0                _ZZN8std_msgs4Time7getTypeEvE3__c
                0x000001ee                . = ALIGN (0x2)
 *(.jumptables)
 *(.jumptables*)
 *(.lowtext)
 *(.lowtext*)
                0x000001ee                __ctors_start = .
 *(.ctors)
 .ctors         0x000001ee        0x2 C:\Users\User\Documents\Atmel Studio\7.0\NEWSerialTest\rosSerial\rosSerial\ArduinoCore\Debug\libArduinoCore.a(HardwareSerial0.o)
 .ctors         0x000001f0        0x2 C:\Users\User\Documents\Atmel Studio\7.0\NEWSerialTest\rosSerial\rosSerial\ArduinoCore\Debug\libArduinoCore.a(HardwareSerial3.o)
                0x000001f2                __ctors_end = .
                0x000001f2                __dtors_start = .
 *(.dtors)
                0x000001f2                __dtors_end = .
 SORT(*)(.ctors)
 SORT(*)(.dtors)
 *(.init0)
 .init0         0x000001f2        0x0 C:/Program Files (x86)/Atmel/Studio/7.0/Packs/atmel/ATmega_DFP/1.6.364/gcc/dev/atmega2560/avr6/crtatmega2560.o
                0x000001f2                __init
 *(.init0)
 *(.init1)
 *(.init1)
 *(.init2)
 .init2         0x000001f2       0x10 C:/Program Files (x86)/Atmel/Studio/7.0/Packs/atmel/ATmega_DFP/1.6.364/gcc/dev/atmega2560/avr6/crtatmega2560.o
 *(.init2)
 *(.init3)
 *(.init3)
 *(.init4)
 .init4         0x00000202       0x1a c:/program files (x86)/atmel/studio/7.0/toolchain/avr8/avr8-gnu-toolchain/bin/../lib/gcc/avr/5.4.0/avr6\libgcc.a(_copy_data.o)
                0x00000202                __do_copy_data
 .init4         0x0000021c       0x10 c:/program files (x86)/atmel/studio/7.0/toolchain/avr8/avr8-gnu-toolchain/bin/../lib/gcc/avr/5.4.0/avr6\libgcc.a(_clear_bss.o)
                0x0000021c                __do_clear_bss
 *(.init4)
 *(.init5)
 *(.init5)
 *(.init6)
 .init6         0x0000022c       0x20 c:/program files (x86)/atmel/studio/7.0/toolchain/avr8/avr8-gnu-toolchain/bin/../lib/gcc/avr/5.4.0/avr6\libgcc.a(_ctors.o)
                0x0000022c                __do_global_ctors
 *(.init6)
 *(.init7)
 *(.init7)
 *(.init8)
 *(.init8)
 *(.init9)
 .init9         0x0000024c        0x8 C:/Program Files (x86)/Atmel/Studio/7.0/Packs/atmel/ATmega_DFP/1.6.364/gcc/dev/atmega2560/avr6/crtatmega2560.o
 *(.init9)
 *(.text)
 .text          0x00000254        0x2 C:/Program Files (x86)/Atmel/Studio/7.0/Packs/atmel/ATmega_DFP/1.6.364/gcc/dev/atmega2560/avr6/crtatmega2560.o
                0x00000254                __vector_38
                0x00000254                __vector_22
                0x00000254                __vector_28
                0x00000254                __vector_32
                0x00000254                __vector_34
                0x00000254                __vector_24
                0x00000254                __vector_12
                0x00000254                __vector_46
                0x00000254                __bad_interrupt
                0x00000254                __vector_6
                0x00000254                __vector_31
                0x00000254                __vector_35
                0x00000254                __vector_39
                0x00000254                __vector_3
                0x00000254                __vector_30
                0x00000254                __vector_45
                0x00000254                __vector_11
                0x00000254                __vector_13
                0x00000254                __vector_17
                0x00000254                __vector_19
                0x00000254                __vector_56
                0x00000254                __vector_7
                0x00000254                __vector_49
                0x00000254                __vector_41
                0x00000254                __vector_43
                0x00000254                __vector_27
                0x00000254                __vector_5
                0x00000254                __vector_33
                0x00000254                __vector_47
                0x00000254                __vector_52
                0x00000254                __vector_37
                0x00000254                __vector_4
                0x00000254                __vector_44
                0x00000254                __vector_51
                0x00000254                __vector_9
                0x00000254                __vector_2
                0x00000254                __vector_21
                0x00000254                __vector_36
                0x00000254                __vector_29
                0x00000254                __vector_40
                0x00000254                __vector_8
                0x00000254                __vector_48
                0x00000254                __vector_14
                0x00000254                __vector_53
                0x00000254                __vector_10
                0x00000254                __vector_50
                0x00000254                __vector_16
                0x00000254                __vector_18
                0x00000254                __vector_20
                0x00000254                __vector_42
                0x00000256                . = ALIGN (0x2)
 *(.text.*)
 .text._ZN15DC_Motor_Driver6setRpmEh
                0x00000256       0x18 DC_Motor_Driver.o
                0x00000256                _ZN15DC_Motor_Driver6setRpmEh
 .text._ZN15DC_Motor_Driver12setDirectionE17RotationDirection
                0x0000026e        0x6 DC_Motor_Driver.o
                0x0000026e                _ZN15DC_Motor_Driver12setDirectionE17RotationDirection
 .text._ZN15DC_Motor_Driver10startMotorEv
                0x00000274       0x6e DC_Motor_Driver.o
                0x00000274                _ZN15DC_Motor_Driver10startMotorEv
 .text._ZN15DC_Motor_Driver15setPWMRegistersEPVhhS1_hhS1_hhPVjS1_S1_S3_h
                0x000002e2      0x10c DC_Motor_Driver.o
                0x000002e2                _ZN15DC_Motor_Driver15setPWMRegistersEPVhhS1_hhS1_hhPVjS1_S1_S3_h
 .text._ZN15DC_Motor_Driver19setEncoderRegistersEhhPVhhhS1_hhPVl
                0x000003ee       0xaa DC_Motor_Driver.o
                0x000003ee                _ZN15DC_Motor_Driver19setEncoderRegistersEhhPVhhhS1_hhPVl
 .text._ZN15DC_Motor_DriverC2Eh
                0x00000498       0xf2 DC_Motor_Driver.o
                0x00000498                _ZN15DC_Motor_DriverC2Eh
                0x00000498                _ZN15DC_Motor_DriverC1Eh
 .text._ZN15DC_Motor_Driver15getEncoderTicksEv
                0x0000058a       0x18 DC_Motor_Driver.o
                0x0000058a                _ZN15DC_Motor_Driver15getEncoderTicksEv
 .text._Z13ENCODER_A_ISRPVhhPVl
                0x000005a2       0x54 DC_Motor_Driver.o
                0x000005a2                _Z13ENCODER_A_ISRPVhhPVl
 .text.__vector_1
                0x000005f6       0x58 DC_Motor_Driver.o
                0x000005f6                __vector_1
 .text._ZNK8std_msgs4Time9serializeEPh
                0x0000064e       0x48 main.o
                0x0000064e                _ZNK8std_msgs4Time9serializeEPh
 .text._ZN8std_msgs4Time11deserializeEPh
                0x00000696       0x8c main.o
                0x00000696                _ZN8std_msgs4Time11deserializeEPh
 .text._ZN8std_msgs4Time7getTypeEv
                0x00000722        0x6 main.o
                0x00000722                _ZN8std_msgs4Time7getTypeEv
 .text._ZN8std_msgs4Time6getMD5Ev
                0x00000728        0x6 main.o
                0x00000728                _ZN8std_msgs4Time6getMD5Ev
 .text._ZN14rosserial_msgs9TopicInfo7getTypeEv
                0x0000072e        0x6 main.o
                0x0000072e                _ZN14rosserial_msgs9TopicInfo7getTypeEv
 .text._ZN14rosserial_msgs9TopicInfo6getMD5Ev
                0x00000734        0x6 main.o
                0x00000734                _ZN14rosserial_msgs9TopicInfo6getMD5Ev
 .text._ZN14rosserial_msgs3Log7getTypeEv
                0x0000073a        0x6 main.o
                0x0000073a                _ZN14rosserial_msgs3Log7getTypeEv
 .text._ZN14rosserial_msgs3Log6getMD5Ev
                0x00000740        0x6 main.o
                0x00000740                _ZN14rosserial_msgs3Log6getMD5Ev
 .text._ZN14rosserial_msgs20RequestParamResponse7getTypeEv
                0x00000746        0x6 main.o
                0x00000746                _ZN14rosserial_msgs20RequestParamResponse7getTypeEv
 .text._ZN14rosserial_msgs20RequestParamResponse6getMD5Ev
                0x0000074c        0x6 main.o
                0x0000074c                _ZN14rosserial_msgs20RequestParamResponse6getMD5Ev
 .text._ZNK8std_msgs5Int329serializeEPh
                0x00000752       0x28 main.o
                0x00000752                _ZNK8std_msgs5Int329serializeEPh
 .text._ZN8std_msgs5Int3211deserializeEPh
                0x0000077a       0x1a main.o
                0x0000077a                _ZN8std_msgs5Int3211deserializeEPh
 .text._ZN8std_msgs5Int327getTypeEv
                0x00000794        0x6 main.o
                0x00000794                _ZN8std_msgs5Int327getTypeEv
 .text._ZN8std_msgs5Int326getMD5Ev
                0x0000079a        0x6 main.o
                0x0000079a                _ZN8std_msgs5Int326getMD5Ev
 .text._ZN3ros11NodeHandle_I15ArduinoHardwareLi25ELi25ELi512ELi512ENS_19FlashReadOutBuffer_EE9connectedEv
                0x000007a0        0xa main.o
                0x000007a0                _ZN3ros11NodeHandle_I15ArduinoHardwareLi25ELi25ELi512ELi512ENS_19FlashReadOutBuffer_EE9connectedEv
 .text._ZN3ros19FlashReadOutBuffer_D2Ev
                0x000007aa       0x12 main.o
                0x000007aa                _ZN3ros19FlashReadOutBuffer_D1Ev
                0x000007aa                _ZN3ros19FlashReadOutBuffer_D2Ev
 .text._ZN3ros19FlashReadOutBuffer_D0Ev
                0x000007bc       0x12 main.o
                0x000007bc                _ZN3ros19FlashReadOutBuffer_D0Ev
 .text._Z8setEventjPVj
                0x000007ce       0x32 main.o
                0x000007ce                _Z8setEventjPVj
 .text._Z12initMilliISRv
                0x00000800       0x24 main.o
                0x00000800                _Z12initMilliISRv
 .text.__vector_15
                0x00000824      0x114 main.o
                0x00000824                __vector_15
 .text._Z12declareTimerjh9timerModePFvvEjPVj
                0x00000938       0x82 main.o
                0x00000938                _Z12declareTimerjh9timerModePFvvEjPVj
 .text._Z10startTimerh
                0x000009ba       0x28 main.o
                0x000009ba                _Z10startTimerh
 .text._ZN3ros19FlashReadOutBuffer_13readFromFlashEPK19__FlashStringHelper
                0x000009e2       0x80 main.o
                0x000009e2                _ZN3ros19FlashReadOutBuffer_13readFromFlashEPK19__FlashStringHelper
 .text._ZN3ros19FlashReadOutBuffer_9readTopicEPKcb
                0x00000a62        0x8 main.o
                0x00000a62                _ZN3ros19FlashReadOutBuffer_9readTopicEPKcb
 .text._ZN3ros19FlashReadOutBuffer_11readMsgInfoEPKc
                0x00000a6a        0x2 main.o
                0x00000a6a                _ZN3ros19FlashReadOutBuffer_11readMsgInfoEPKc
 .text._ZN3ros19FlashReadOutBuffer_C2Ev
                0x00000a6c       0x30 main.o
                0x00000a6c                _ZN3ros19FlashReadOutBuffer_C1Ev
                0x00000a6c                _ZN3ros19FlashReadOutBuffer_C2Ev
 .text._ZN3ros3Msg8varToArrIPhmEEvT_T0_
                0x00000a9c       0x3a main.o
                0x00000a9c                _ZN3ros3Msg8varToArrIPhmEEvT_T0_
 .text._ZNK14rosserial_msgs20RequestParamResponse9serializeEPh
                0x00000ad6      0x1b0 main.o
                0x00000ad6                _ZNK14rosserial_msgs20RequestParamResponse9serializeEPh
 .text._ZNK14rosserial_msgs3Log9serializeEPh
                0x00000c86       0x62 main.o
                0x00000c86                _ZNK14rosserial_msgs3Log9serializeEPh
 .text._ZNK14rosserial_msgs9TopicInfo9serializeEPh
                0x00000ce8      0x11c main.o
                0x00000ce8                _ZNK14rosserial_msgs9TopicInfo9serializeEPh
 .text._ZN3ros3Msg8arrToVarImPhEEvRT_T0_
                0x00000e04       0x5c main.o
                0x00000e04                _ZN3ros3Msg8arrToVarImPhEEvRT_T0_
 .text._ZN14rosserial_msgs3Log11deserializeEPh
                0x00000e60       0xaa main.o
                0x00000e60                _ZN14rosserial_msgs3Log11deserializeEPh
 .text._ZN14rosserial_msgs20RequestParamResponse11deserializeEPh
                0x00000f0a      0x374 main.o
                0x00000f0a                _ZN14rosserial_msgs20RequestParamResponse11deserializeEPh
 .text._ZN14rosserial_msgs9TopicInfo11deserializeEPh
                0x0000127e      0x1d6 main.o
                0x0000127e                _ZN14rosserial_msgs9TopicInfo11deserializeEPh
 .text._ZN3ros11NodeHandle_I15ArduinoHardwareLi25ELi25ELi512ELi512ENS_19FlashReadOutBuffer_EE15requestSyncTimeEv
                0x00001454       0x70 main.o
                0x00001454                _ZN3ros11NodeHandle_I15ArduinoHardwareLi25ELi25ELi512ELi512ENS_19FlashReadOutBuffer_EE15requestSyncTimeEv
 .text._ZN3ros11NodeHandle_I15ArduinoHardwareLi25ELi25ELi512ELi512ENS_19FlashReadOutBuffer_EE8syncTimeEPh
                0x000014c4      0x170 main.o
                0x000014c4                _ZN3ros11NodeHandle_I15ArduinoHardwareLi25ELi25ELi512ELi512ENS_19FlashReadOutBuffer_EE8syncTimeEPh
 .text._ZN3ros11NodeHandle_I15ArduinoHardwareLi25ELi25ELi512ELi512ENS_19FlashReadOutBuffer_EE3logEcPKc
                0x00001634       0x44 main.o
                0x00001634                _ZN3ros11NodeHandle_I15ArduinoHardwareLi25ELi25ELi512ELi512ENS_19FlashReadOutBuffer_EE3logEcPKc
 .text._ZN3ros11NodeHandle_I15ArduinoHardwareLi25ELi25ELi512ELi512ENS_19FlashReadOutBuffer_EE7publishEiPKNS_3MsgE
                0x00001678      0x108 main.o
                0x00001678                _ZN3ros11NodeHandle_I15ArduinoHardwareLi25ELi25ELi512ELi512ENS_19FlashReadOutBuffer_EE7publishEiPKNS_3MsgE
 .text._ZN3ros11NodeHandle_I15ArduinoHardwareLi25ELi25ELi512ELi512ENS_19FlashReadOutBuffer_EE15negotiateTopicsEv
                0x00001780      0x25c main.o
                0x00001780                _ZN3ros11NodeHandle_I15ArduinoHardwareLi25ELi25ELi512ELi512ENS_19FlashReadOutBuffer_EE15negotiateTopicsEv
 .text._ZN3ros11NodeHandle_I15ArduinoHardwareLi25ELi25ELi512ELi512ENS_19FlashReadOutBuffer_EE8spinOnceEv
                0x000019dc      0x402 main.o
                0x000019dc                _ZN3ros11NodeHandle_I15ArduinoHardwareLi25ELi25ELi512ELi512ENS_19FlashReadOutBuffer_EE8spinOnceEv
 .text.startup.main
                0x00001dde      0x256 main.o
                0x00001dde                main
 .text._ZN3ros16normalizeSecNSecERmS0_
                0x00002034       0x5a src/libraries/Rosserial_Arduino_Library/src/time.o
                0x00002034                _ZN3ros16normalizeSecNSecERmS0_
 .text._ZN14HardwareSerial9availableEv
                0x0000208e       0x18 C:\Users\User\Documents\Atmel Studio\7.0\NEWSerialTest\rosSerial\rosSerial\ArduinoCore\Debug\libArduinoCore.a(HardwareSerial.o)
                0x0000208e                _ZN14HardwareSerial9availableEv
 .text._ZN14HardwareSerial4peekEv
                0x000020a6       0x1c C:\Users\User\Documents\Atmel Studio\7.0\NEWSerialTest\rosSerial\rosSerial\ArduinoCore\Debug\libArduinoCore.a(HardwareSerial.o)
                0x000020a6                _ZN14HardwareSerial4peekEv
 .text._ZN14HardwareSerial4readEv
                0x000020c2       0x28 C:\Users\User\Documents\Atmel Studio\7.0\NEWSerialTest\rosSerial\rosSerial\ArduinoCore\Debug\libArduinoCore.a(HardwareSerial.o)
                0x000020c2                _ZN14HardwareSerial4readEv
 .text._ZN14HardwareSerial17availableForWriteEv
                0x000020ea       0x1e C:\Users\User\Documents\Atmel Studio\7.0\NEWSerialTest\rosSerial\rosSerial\ArduinoCore\Debug\libArduinoCore.a(HardwareSerial.o)
                0x000020ea                _ZN14HardwareSerial17availableForWriteEv
 .text._ZN14HardwareSerial17_tx_udr_empty_irqEv
                0x00002108       0x44 C:\Users\User\Documents\Atmel Studio\7.0\NEWSerialTest\rosSerial\rosSerial\ArduinoCore\Debug\libArduinoCore.a(HardwareSerial.o)
                0x00002108                _ZN14HardwareSerial17_tx_udr_empty_irqEv
 .text._ZN14HardwareSerial5writeEh
                0x0000214c       0x98 C:\Users\User\Documents\Atmel Studio\7.0\NEWSerialTest\rosSerial\rosSerial\ArduinoCore\Debug\libArduinoCore.a(HardwareSerial.o)
                0x0000214c                _ZN14HardwareSerial5writeEh
 .text._ZN14HardwareSerial5flushEv
                0x000021e4       0x42 C:\Users\User\Documents\Atmel Studio\7.0\NEWSerialTest\rosSerial\rosSerial\ArduinoCore\Debug\libArduinoCore.a(HardwareSerial.o)
                0x000021e4                _ZN14HardwareSerial5flushEv
 .text._ZN14HardwareSerial5beginEmh
                0x00002226       0xc6 C:\Users\User\Documents\Atmel Studio\7.0\NEWSerialTest\rosSerial\rosSerial\ArduinoCore\Debug\libArduinoCore.a(HardwareSerial.o)
                0x00002226                _ZN14HardwareSerial5beginEmh
 .text.__vector_25
                0x000022ec       0x6c C:\Users\User\Documents\Atmel Studio\7.0\NEWSerialTest\rosSerial\rosSerial\ArduinoCore\Debug\libArduinoCore.a(HardwareSerial0.o)
                0x000022ec                __vector_25
 .text.__vector_26
                0x00002358       0x52 C:\Users\User\Documents\Atmel Studio\7.0\NEWSerialTest\rosSerial\rosSerial\ArduinoCore\Debug\libArduinoCore.a(HardwareSerial0.o)
                0x00002358                __vector_26
 .text.startup._GLOBAL__sub_I___vector_25
                0x000023aa       0x5a C:\Users\User\Documents\Atmel Studio\7.0\NEWSerialTest\rosSerial\rosSerial\ArduinoCore\Debug\libArduinoCore.a(HardwareSerial0.o)
 .text.__vector_54
                0x00002404       0x6c C:\Users\User\Documents\Atmel Studio\7.0\NEWSerialTest\rosSerial\rosSerial\ArduinoCore\Debug\libArduinoCore.a(HardwareSerial3.o)
                0x00002404                __vector_54
 .text.__vector_55
                0x00002470       0x52 C:\Users\User\Documents\Atmel Studio\7.0\NEWSerialTest\rosSerial\rosSerial\ArduinoCore\Debug\libArduinoCore.a(HardwareSerial3.o)
                0x00002470                __vector_55
 .text.startup._GLOBAL__sub_I___vector_54
                0x000024c2       0x5a C:\Users\User\Documents\Atmel Studio\7.0\NEWSerialTest\rosSerial\rosSerial\ArduinoCore\Debug\libArduinoCore.a(HardwareSerial3.o)
 .text._Znaj    0x0000251c        0x2 C:\Users\User\Documents\Atmel Studio\7.0\NEWSerialTest\rosSerial\rosSerial\ArduinoCore\Debug\libArduinoCore.a(new.o)
                0x0000251c                _Znaj
 .text._ZdlPv   0x0000251e        0x2 C:\Users\User\Documents\Atmel Studio\7.0\NEWSerialTest\rosSerial\rosSerial\ArduinoCore\Debug\libArduinoCore.a(new.o)
                0x0000251e                _ZdlPv
 .text._ZN5Print5writeEPKhj
                0x00002520       0x54 C:\Users\User\Documents\Atmel Studio\7.0\NEWSerialTest\rosSerial\rosSerial\ArduinoCore\Debug\libArduinoCore.a(Print.o)
                0x00002520                _ZN5Print5writeEPKhj
 .text.__vector_23
                0x00002574       0x94 C:\Users\User\Documents\Atmel Studio\7.0\NEWSerialTest\rosSerial\rosSerial\ArduinoCore\Debug\libArduinoCore.a(wiring.o)
                0x00002574                __vector_23
 .text.millis   0x00002608       0x18 C:\Users\User\Documents\Atmel Studio\7.0\NEWSerialTest\rosSerial\rosSerial\ArduinoCore\Debug\libArduinoCore.a(wiring.o)
                0x00002608                millis
 .text.libgcc.mul
                0x00002620       0x1e c:/program files (x86)/atmel/studio/7.0/toolchain/avr8/avr8-gnu-toolchain/bin/../lib/gcc/avr/5.4.0/avr6\libgcc.a(_mulsi3.o)
                0x00002620                __mulsi3
 .text.libgcc.div
                0x0000263e       0x26 c:/program files (x86)/atmel/studio/7.0/toolchain/avr8/avr8-gnu-toolchain/bin/../lib/gcc/avr/5.4.0/avr6\libgcc.a(_divmodhi4.o)
                0x0000263e                _div
                0x0000263e                __divmodhi4
 .text.libgcc.div
                0x00002664       0x44 c:/program files (x86)/atmel/studio/7.0/toolchain/avr8/avr8-gnu-toolchain/bin/../lib/gcc/avr/5.4.0/avr6\libgcc.a(_udivmodsi4.o)
                0x00002664                __udivmodsi4
 .text.libgcc.mul
                0x000026a8       0x14 c:/program files (x86)/atmel/studio/7.0/toolchain/avr8/avr8-gnu-toolchain/bin/../lib/gcc/avr/5.4.0/avr6\libgcc.a(_muluhisi3.o)
                0x000026a8                __muluhisi3
 .text.libgcc.div
                0x000026bc       0x28 c:/program files (x86)/atmel/studio/7.0/toolchain/avr8/avr8-gnu-toolchain/bin/../lib/gcc/avr/5.4.0/avr6\libgcc.a(_udivmodhi4.o)
                0x000026bc                __udivmodhi4
 .text.libgcc   0x000026e4       0x10 c:/program files (x86)/atmel/studio/7.0/toolchain/avr8/avr8-gnu-toolchain/bin/../lib/gcc/avr/5.4.0/avr6\libgcc.a(_tablejump2.o)
                0x000026e4                __tablejump2__
 .text.libgcc.mul
                0x000026f4       0x1e c:/program files (x86)/atmel/studio/7.0/toolchain/avr8/avr8-gnu-toolchain/bin/../lib/gcc/avr/5.4.0/avr6\libgcc.a(_umulhisi3.o)
                0x000026f4                __umulhisi3
 .text.avr-libc
                0x00002712      0x242 c:/program files (x86)/atmel/studio/7.0/toolchain/avr8/avr8-gnu-toolchain/bin/../lib/gcc/avr/5.4.0/../../../../avr/lib/avr6\libc.a(malloc.o)
                0x00002712                malloc
                0x00002842                free
 .text.avr-libc
                0x00002954      0x1c0 c:/program files (x86)/atmel/studio/7.0/toolchain/avr8/avr8-gnu-toolchain/bin/../lib/gcc/avr/5.4.0/../../../../avr/lib/avr6\libc.a(realloc.o)
                0x00002954                realloc
 .text.avr-libc
                0x00002b14       0x12 c:/program files (x86)/atmel/studio/7.0/toolchain/avr8/avr8-gnu-toolchain/bin/../lib/gcc/avr/5.4.0/../../../../avr/lib/avr6\libc.a(memcpy.o)
                0x00002b14                memcpy
                0x00002b26                . = ALIGN (0x2)
 *(.fini9)
 .fini9         0x00002b26        0x0 c:/program files (x86)/atmel/studio/7.0/toolchain/avr8/avr8-gnu-toolchain/bin/../lib/gcc/avr/5.4.0/avr6\libgcc.a(_exit.o)
                0x00002b26                _exit
                0x00002b26                exit
 *(.fini9)
 *(.fini8)
 *(.fini8)
 *(.fini7)
 *(.fini7)
 *(.fini6)
 *(.fini6)
 *(.fini5)
 *(.fini5)
 *(.fini4)
 *(.fini4)
 *(.fini3)
 *(.fini3)
 *(.fini2)
 *(.fini2)
 *(.fini1)
 *(.fini1)
 *(.fini0)
 .fini0         0x00002b26        0x4 c:/program files (x86)/atmel/studio/7.0/toolchain/avr8/avr8-gnu-toolchain/bin/../lib/gcc/avr/5.4.0/avr6\libgcc.a(_exit.o)
 *(.fini0)
                0x00002b2a                _etext = .

.data           0x00800200       0xda load address 0x00002b2a
                0x00800200                PROVIDE (__data_start, .)
 *(.data)
 .data          0x00800200        0x6 c:/program files (x86)/atmel/studio/7.0/toolchain/avr8/avr8-gnu-toolchain/bin/../lib/gcc/avr/5.4.0/../../../../avr/lib/avr6\libc.a(malloc.o)
                0x00800200                __malloc_heap_end
                0x00800202                __malloc_heap_start
                0x00800204                __malloc_margin
 *(.data*)
 *(.gnu.linkonce.d*)
 *(.rodata)
 *(.rodata*)
 .rodata.str1.1
                0x00800206       0x6f main.o
                                 0x70 (size before relaxing)
 .rodata._ZTVN8std_msgs4TimeE
                0x00800275        0xc main.o
                0x00800275                _ZTVN8std_msgs4TimeE
 .rodata._ZTVN14rosserial_msgs9TopicInfoE
                0x00800281        0xc main.o
                0x00800281                _ZTVN14rosserial_msgs9TopicInfoE
 .rodata._ZTVN14rosserial_msgs3LogE
                0x0080028d        0xc main.o
                0x0080028d                _ZTVN14rosserial_msgs3LogE
 .rodata._ZTVN14rosserial_msgs20RequestParamResponseE
                0x00800299        0xc main.o
                0x00800299                _ZTVN14rosserial_msgs20RequestParamResponseE
 .rodata._ZTVN3ros19FlashReadOutBuffer_E
                0x008002a5        0xc main.o
                0x008002a5                _ZTVN3ros19FlashReadOutBuffer_E
 .rodata._ZTVN8std_msgs5Int32E
                0x008002b1        0xc main.o
                0x008002b1                _ZTVN8std_msgs5Int32E
 .rodata._ZTVN3ros11NodeHandle_I15ArduinoHardwareLi25ELi25ELi512ELi512ENS_19FlashReadOutBuffer_EEE
                0x008002bd        0xa main.o
                0x008002bd                _ZTVN3ros11NodeHandle_I15ArduinoHardwareLi25ELi25ELi512ELi512ENS_19FlashReadOutBuffer_EEE
 .rodata._ZTV14HardwareSerial
                0x008002c7       0x12 C:\Users\User\Documents\Atmel Studio\7.0\NEWSerialTest\rosSerial\rosSerial\ArduinoCore\Debug\libArduinoCore.a(HardwareSerial.o)
                0x008002c7                _ZTV14HardwareSerial
 *(.gnu.linkonce.r*)
                0x008002da                . = ALIGN (0x2)
 *fill*         0x008002d9        0x1 
                0x008002da                _edata = .
                0x008002da                PROVIDE (__data_end, .)

.bss            0x008002da      0x198
                0x008002da                PROVIDE (__bss_start, .)
 *(.bss)
 *(.bss*)
 .bss.EncoderTicks_0
                0x008002da        0x4 DC_Motor_Driver.o
                0x008002da                EncoderTicks_0
 .bss._ZZ11__vector_15E6millis
                0x008002de        0xa main.o
 .bss.timerStructInitialized
                0x008002e8        0x1 main.o
                0x008002e8                timerStructInitialized
 .bss.timerInitialized
                0x008002e9        0x1 main.o
                0x008002e9                timerInitialized
 .bss.timers    0x008002ea       0x41 main.o
                0x008002ea                timers
 .bss.Serial    0x0080032b       0x9d C:\Users\User\Documents\Atmel Studio\7.0\NEWSerialTest\rosSerial\rosSerial\ArduinoCore\Debug\libArduinoCore.a(HardwareSerial0.o)
                0x0080032b                Serial
 .bss.Serial3   0x008003c8       0x9d C:\Users\User\Documents\Atmel Studio\7.0\NEWSerialTest\rosSerial\rosSerial\ArduinoCore\Debug\libArduinoCore.a(HardwareSerial3.o)
                0x008003c8                Serial3
 .bss.timer0_fract
                0x00800465        0x1 C:\Users\User\Documents\Atmel Studio\7.0\NEWSerialTest\rosSerial\rosSerial\ArduinoCore\Debug\libArduinoCore.a(wiring.o)
 .bss.timer0_millis
                0x00800466        0x4 C:\Users\User\Documents\Atmel Studio\7.0\NEWSerialTest\rosSerial\rosSerial\ArduinoCore\Debug\libArduinoCore.a(wiring.o)
                0x00800466                timer0_millis
 .bss.timer0_overflow_count
                0x0080046a        0x4 C:\Users\User\Documents\Atmel Studio\7.0\NEWSerialTest\rosSerial\rosSerial\ArduinoCore\Debug\libArduinoCore.a(wiring.o)
                0x0080046a                timer0_overflow_count
 *(COMMON)
 COMMON         0x0080046e        0x4 c:/program files (x86)/atmel/studio/7.0/toolchain/avr8/avr8-gnu-toolchain/bin/../lib/gcc/avr/5.4.0/../../../../avr/lib/avr6\libc.a(malloc.o)
                0x0080046e                __brkval
                0x00800470                __flp
                0x00800472                PROVIDE (__bss_end, .)
                0x00002b2a                __data_load_start = LOADADDR (.data)
                0x00002c04                __data_load_end = (__data_load_start + SIZEOF (.data))

.noinit         0x00800472        0x0
                [!provide]                PROVIDE (__noinit_start, .)
 *(.noinit*)
                [!provide]                PROVIDE (__noinit_end, .)
                0x00800472                _end = .
                0x00800472                PROVIDE (__heap_start, .)

.eeprom         0x00810000        0x0
 *(.eeprom*)
                0x00810000                __eeprom_end = .

.fuse
 *(.fuse)
 *(.lfuse)
 *(.hfuse)
 *(.efuse)

.lock
 *(.lock*)

.signature
 *(.signature*)

.user_signatures
 *(.user_signatures*)

.stab
 *(.stab)

.stabstr
 *(.stabstr)

.stab.excl
 *(.stab.excl)

.stab.exclstr
 *(.stab.exclstr)

.stab.index
 *(.stab.index)

.stab.indexstr
 *(.stab.indexstr)

.comment        0x00000000       0x30
 *(.comment)
 .comment       0x00000000       0x30 DC_Motor_Driver.o
                                 0x31 (size before relaxing)
 .comment       0x00000030       0x31 main.o
 .comment       0x00000030       0x31 src/libraries/Rosserial_Arduino_Library/src/time.o
 .comment       0x00000030       0x31 C:\Users\User\Documents\Atmel Studio\7.0\NEWSerialTest\rosSerial\rosSerial\ArduinoCore\Debug\libArduinoCore.a(HardwareSerial.o)
 .comment       0x00000030       0x31 C:\Users\User\Documents\Atmel Studio\7.0\NEWSerialTest\rosSerial\rosSerial\ArduinoCore\Debug\libArduinoCore.a(HardwareSerial0.o)
 .comment       0x00000030       0x31 C:\Users\User\Documents\Atmel Studio\7.0\NEWSerialTest\rosSerial\rosSerial\ArduinoCore\Debug\libArduinoCore.a(HardwareSerial3.o)
 .comment       0x00000030       0x31 C:\Users\User\Documents\Atmel Studio\7.0\NEWSerialTest\rosSerial\rosSerial\ArduinoCore\Debug\libArduinoCore.a(new.o)
 .comment       0x00000030       0x31 C:\Users\User\Documents\Atmel Studio\7.0\NEWSerialTest\rosSerial\rosSerial\ArduinoCore\Debug\libArduinoCore.a(Print.o)
 .comment       0x00000030       0x31 C:\Users\User\Documents\Atmel Studio\7.0\NEWSerialTest\rosSerial\rosSerial\ArduinoCore\Debug\libArduinoCore.a(wiring.o)
 .comment       0x00000030       0x31 c:/program files (x86)/atmel/studio/7.0/toolchain/avr8/avr8-gnu-toolchain/bin/../lib/gcc/avr/5.4.0/../../../../avr/lib/avr6\libc.a(malloc.o)
 .comment       0x00000030       0x31 c:/program files (x86)/atmel/studio/7.0/toolchain/avr8/avr8-gnu-toolchain/bin/../lib/gcc/avr/5.4.0/../../../../avr/lib/avr6\libc.a(realloc.o)

.note.gnu.avr.deviceinfo
                0x00000000       0x40
 .note.gnu.avr.deviceinfo
                0x00000000       0x40 C:/Program Files (x86)/Atmel/Studio/7.0/Packs/atmel/ATmega_DFP/1.6.364/gcc/dev/atmega2560/avr6/crtatmega2560.o

.note.gnu.build-id
 *(.note.gnu.build-id)

.debug
 *(.debug)

.line
 *(.line)

.debug_srcinfo
 *(.debug_srcinfo)

.debug_sfnames
 *(.debug_sfnames)

.debug_aranges  0x00000000      0x4c0
 *(.debug_aranges)
 .debug_aranges
                0x00000000       0x68 DC_Motor_Driver.o
 .debug_aranges
                0x00000068      0x1b0 main.o
 .debug_aranges
                0x00000218       0x38 src/libraries/Rosserial_Arduino_Library/src/time.o
 .debug_aranges
                0x00000250       0x68 C:\Users\User\Documents\Atmel Studio\7.0\NEWSerialTest\rosSerial\rosSerial\ArduinoCore\Debug\libArduinoCore.a(HardwareSerial.o)
 .debug_aranges
                0x000002b8       0x48 C:\Users\User\Documents\Atmel Studio\7.0\NEWSerialTest\rosSerial\rosSerial\ArduinoCore\Debug\libArduinoCore.a(HardwareSerial0.o)
 .debug_aranges
                0x00000300       0x48 C:\Users\User\Documents\Atmel Studio\7.0\NEWSerialTest\rosSerial\rosSerial\ArduinoCore\Debug\libArduinoCore.a(HardwareSerial3.o)
 .debug_aranges
                0x00000348       0x30 C:\Users\User\Documents\Atmel Studio\7.0\NEWSerialTest\rosSerial\rosSerial\ArduinoCore\Debug\libArduinoCore.a(new.o)
 .debug_aranges
                0x00000378      0x100 C:\Users\User\Documents\Atmel Studio\7.0\NEWSerialTest\rosSerial\rosSerial\ArduinoCore\Debug\libArduinoCore.a(Print.o)
 .debug_aranges
                0x00000478       0x48 C:\Users\User\Documents\Atmel Studio\7.0\NEWSerialTest\rosSerial\rosSerial\ArduinoCore\Debug\libArduinoCore.a(wiring.o)

.debug_pubnames
 *(.debug_pubnames)

.debug_info     0x00000000     0xe471
 *(.debug_info .gnu.linkonce.wi.*)
 .debug_info    0x00000000      0xbbc C:/Program Files (x86)/Atmel/Studio/7.0/Packs/atmel/ATmega_DFP/1.6.364/gcc/dev/atmega2560/avr6/crtatmega2560.o
 .debug_info    0x00000bbc      0x757 DC_Motor_Driver.o
 .debug_info    0x00001313     0x4751 main.o
 .debug_info    0x00005a64      0x4dc src/libraries/Rosserial_Arduino_Library/src/time.o
 .debug_info    0x00005f40     0x205e C:\Users\User\Documents\Atmel Studio\7.0\NEWSerialTest\rosSerial\rosSerial\ArduinoCore\Debug\libArduinoCore.a(HardwareSerial.o)
 .debug_info    0x00007f9e     0x1b74 C:\Users\User\Documents\Atmel Studio\7.0\NEWSerialTest\rosSerial\rosSerial\ArduinoCore\Debug\libArduinoCore.a(HardwareSerial0.o)
 .debug_info    0x00009b12     0x1b7a C:\Users\User\Documents\Atmel Studio\7.0\NEWSerialTest\rosSerial\rosSerial\ArduinoCore\Debug\libArduinoCore.a(HardwareSerial3.o)
 .debug_info    0x0000b68c      0x15f C:\Users\User\Documents\Atmel Studio\7.0\NEWSerialTest\rosSerial\rosSerial\ArduinoCore\Debug\libArduinoCore.a(new.o)
 .debug_info    0x0000b7eb     0x295d C:\Users\User\Documents\Atmel Studio\7.0\NEWSerialTest\rosSerial\rosSerial\ArduinoCore\Debug\libArduinoCore.a(Print.o)
 .debug_info    0x0000e148      0x329 C:\Users\User\Documents\Atmel Studio\7.0\NEWSerialTest\rosSerial\rosSerial\ArduinoCore\Debug\libArduinoCore.a(wiring.o)

.debug_abbrev   0x00000000     0x2b14
 *(.debug_abbrev)
 .debug_abbrev  0x00000000      0xb1a C:/Program Files (x86)/Atmel/Studio/7.0/Packs/atmel/ATmega_DFP/1.6.364/gcc/dev/atmega2560/avr6/crtatmega2560.o
 .debug_abbrev  0x00000b1a      0x256 DC_Motor_Driver.o
 .debug_abbrev  0x00000d70      0x8e9 main.o
 .debug_abbrev  0x00001659      0x19f src/libraries/Rosserial_Arduino_Library/src/time.o
 .debug_abbrev  0x000017f8      0x4b7 C:\Users\User\Documents\Atmel Studio\7.0\NEWSerialTest\rosSerial\rosSerial\ArduinoCore\Debug\libArduinoCore.a(HardwareSerial.o)
 .debug_abbrev  0x00001caf      0x3ce C:\Users\User\Documents\Atmel Studio\7.0\NEWSerialTest\rosSerial\rosSerial\ArduinoCore\Debug\libArduinoCore.a(HardwareSerial0.o)
 .debug_abbrev  0x0000207d      0x3ce C:\Users\User\Documents\Atmel Studio\7.0\NEWSerialTest\rosSerial\rosSerial\ArduinoCore\Debug\libArduinoCore.a(HardwareSerial3.o)
 .debug_abbrev  0x0000244b      0x109 C:\Users\User\Documents\Atmel Studio\7.0\NEWSerialTest\rosSerial\rosSerial\ArduinoCore\Debug\libArduinoCore.a(new.o)
 .debug_abbrev  0x00002554      0x47a C:\Users\User\Documents\Atmel Studio\7.0\NEWSerialTest\rosSerial\rosSerial\ArduinoCore\Debug\libArduinoCore.a(Print.o)
 .debug_abbrev  0x000029ce      0x146 C:\Users\User\Documents\Atmel Studio\7.0\NEWSerialTest\rosSerial\rosSerial\ArduinoCore\Debug\libArduinoCore.a(wiring.o)

.debug_line     0x00000000     0x2f0e
 *(.debug_line .debug_line.* .debug_line_end)
 .debug_line    0x00000000      0x1fa C:/Program Files (x86)/Atmel/Studio/7.0/Packs/atmel/ATmega_DFP/1.6.364/gcc/dev/atmega2560/avr6/crtatmega2560.o
 .debug_line    0x000001fa      0x279 DC_Motor_Driver.o
 .debug_line    0x00000473     0x14a0 main.o
 .debug_line    0x00001913      0x1a6 src/libraries/Rosserial_Arduino_Library/src/time.o
 .debug_line    0x00001ab9      0x527 C:\Users\User\Documents\Atmel Studio\7.0\NEWSerialTest\rosSerial\rosSerial\ArduinoCore\Debug\libArduinoCore.a(HardwareSerial.o)
 .debug_line    0x00001fe0      0x288 C:\Users\User\Documents\Atmel Studio\7.0\NEWSerialTest\rosSerial\rosSerial\ArduinoCore\Debug\libArduinoCore.a(HardwareSerial0.o)
 .debug_line    0x00002268      0x286 C:\Users\User\Documents\Atmel Studio\7.0\NEWSerialTest\rosSerial\rosSerial\ArduinoCore\Debug\libArduinoCore.a(HardwareSerial3.o)
 .debug_line    0x000024ee      0x145 C:\Users\User\Documents\Atmel Studio\7.0\NEWSerialTest\rosSerial\rosSerial\ArduinoCore\Debug\libArduinoCore.a(new.o)
 .debug_line    0x00002633      0x681 C:\Users\User\Documents\Atmel Studio\7.0\NEWSerialTest\rosSerial\rosSerial\ArduinoCore\Debug\libArduinoCore.a(Print.o)
 .debug_line    0x00002cb4      0x25a C:\Users\User\Documents\Atmel Studio\7.0\NEWSerialTest\rosSerial\rosSerial\ArduinoCore\Debug\libArduinoCore.a(wiring.o)

.debug_frame    0x00000000     0x11a4
 *(.debug_frame)
 .debug_frame   0x00000000      0x1ec DC_Motor_Driver.o
 .debug_frame   0x000001ec      0x764 main.o
 .debug_frame   0x00000950       0xb0 src/libraries/Rosserial_Arduino_Library/src/time.o
 .debug_frame   0x00000a00      0x110 C:\Users\User\Documents\Atmel Studio\7.0\NEWSerialTest\rosSerial\rosSerial\ArduinoCore\Debug\libArduinoCore.a(HardwareSerial.o)
 .debug_frame   0x00000b10       0xe0 C:\Users\User\Documents\Atmel Studio\7.0\NEWSerialTest\rosSerial\rosSerial\ArduinoCore\Debug\libArduinoCore.a(HardwareSerial0.o)
 .debug_frame   0x00000bf0       0xe0 C:\Users\User\Documents\Atmel Studio\7.0\NEWSerialTest\rosSerial\rosSerial\ArduinoCore\Debug\libArduinoCore.a(HardwareSerial3.o)
 .debug_frame   0x00000cd0       0x64 C:\Users\User\Documents\Atmel Studio\7.0\NEWSerialTest\rosSerial\rosSerial\ArduinoCore\Debug\libArduinoCore.a(new.o)
 .debug_frame   0x00000d34      0x3ac C:\Users\User\Documents\Atmel Studio\7.0\NEWSerialTest\rosSerial\rosSerial\ArduinoCore\Debug\libArduinoCore.a(Print.o)
 .debug_frame   0x000010e0       0xc4 C:\Users\User\Documents\Atmel Studio\7.0\NEWSerialTest\rosSerial\rosSerial\ArduinoCore\Debug\libArduinoCore.a(wiring.o)

.debug_str      0x00000000     0x4f81
 *(.debug_str)
 .debug_str     0x00000000      0x3e6 C:/Program Files (x86)/Atmel/Studio/7.0/Packs/atmel/ATmega_DFP/1.6.364/gcc/dev/atmega2560/avr6/crtatmega2560.o
 .debug_str     0x000003e6      0x623 DC_Motor_Driver.o
                                0x6b5 (size before relaxing)
 .debug_str     0x00000a09     0x29ec main.o
                               0x309b (size before relaxing)
 .debug_str     0x000033f5       0x42 src/libraries/Rosserial_Arduino_Library/src/time.o
                                0x44d (size before relaxing)
 .debug_str     0x00003437     0x14ed C:\Users\User\Documents\Atmel Studio\7.0\NEWSerialTest\rosSerial\rosSerial\ArduinoCore\Debug\libArduinoCore.a(HardwareSerial.o)
                               0x16fd (size before relaxing)
 .debug_str     0x00004924       0xca C:\Users\User\Documents\Atmel Studio\7.0\NEWSerialTest\rosSerial\rosSerial\ArduinoCore\Debug\libArduinoCore.a(HardwareSerial0.o)
                               0x1418 (size before relaxing)
 .debug_str     0x000049ee       0x47 C:\Users\User\Documents\Atmel Studio\7.0\NEWSerialTest\rosSerial\rosSerial\ArduinoCore\Debug\libArduinoCore.a(HardwareSerial3.o)
                               0x1419 (size before relaxing)
 .debug_str     0x00004a35       0x4f C:\Users\User\Documents\Atmel Studio\7.0\NEWSerialTest\rosSerial\rosSerial\ArduinoCore\Debug\libArduinoCore.a(new.o)
                                0x1ef (size before relaxing)
 .debug_str     0x00004a84      0x39c C:\Users\User\Documents\Atmel Studio\7.0\NEWSerialTest\rosSerial\rosSerial\ArduinoCore\Debug\libArduinoCore.a(Print.o)
                               0x1252 (size before relaxing)
 .debug_str     0x00004e20      0x161 C:\Users\User\Documents\Atmel Studio\7.0\NEWSerialTest\rosSerial\rosSerial\ArduinoCore\Debug\libArduinoCore.a(wiring.o)
                                0x25a (size before relaxing)

.debug_loc      0x00000000     0x5c85
 *(.debug_loc)
 .debug_loc     0x00000000      0x75f DC_Motor_Driver.o
 .debug_loc     0x0000075f     0x2a48 main.o
 .debug_loc     0x000031a7      0x31c src/libraries/Rosserial_Arduino_Library/src/time.o
 .debug_loc     0x000034c3      0x4dc C:\Users\User\Documents\Atmel Studio\7.0\NEWSerialTest\rosSerial\rosSerial\ArduinoCore\Debug\libArduinoCore.a(HardwareSerial.o)
 .debug_loc     0x0000399f      0x1b0 C:\Users\User\Documents\Atmel Studio\7.0\NEWSerialTest\rosSerial\rosSerial\ArduinoCore\Debug\libArduinoCore.a(HardwareSerial0.o)
 .debug_loc     0x00003b4f      0x1b0 C:\Users\User\Documents\Atmel Studio\7.0\NEWSerialTest\rosSerial\rosSerial\ArduinoCore\Debug\libArduinoCore.a(HardwareSerial3.o)
 .debug_loc     0x00003cff       0x72 C:\Users\User\Documents\Atmel Studio\7.0\NEWSerialTest\rosSerial\rosSerial\ArduinoCore\Debug\libArduinoCore.a(new.o)
 .debug_loc     0x00003d71     0x1c87 C:\Users\User\Documents\Atmel Studio\7.0\NEWSerialTest\rosSerial\rosSerial\ArduinoCore\Debug\libArduinoCore.a(Print.o)
 .debug_loc     0x000059f8      0x28d C:\Users\User\Documents\Atmel Studio\7.0\NEWSerialTest\rosSerial\rosSerial\ArduinoCore\Debug\libArduinoCore.a(wiring.o)

.debug_macinfo
 *(.debug_macinfo)

.debug_weaknames
 *(.debug_weaknames)

.debug_funcnames
 *(.debug_funcnames)

.debug_typenames
 *(.debug_typenames)

.debug_varnames
 *(.debug_varnames)

.debug_pubtypes
 *(.debug_pubtypes)

.debug_ranges   0x00000000      0x520
 *(.debug_ranges)
 .debug_ranges  0x00000000       0x58 DC_Motor_Driver.o
 .debug_ranges  0x00000058      0x260 main.o
 .debug_ranges  0x000002b8       0x28 src/libraries/Rosserial_Arduino_Library/src/time.o
 .debug_ranges  0x000002e0       0x58 C:\Users\User\Documents\Atmel Studio\7.0\NEWSerialTest\rosSerial\rosSerial\ArduinoCore\Debug\libArduinoCore.a(HardwareSerial.o)
 .debug_ranges  0x00000338       0x38 C:\Users\User\Documents\Atmel Studio\7.0\NEWSerialTest\rosSerial\rosSerial\ArduinoCore\Debug\libArduinoCore.a(HardwareSerial0.o)
 .debug_ranges  0x00000370       0x38 C:\Users\User\Documents\Atmel Studio\7.0\NEWSerialTest\rosSerial\rosSerial\ArduinoCore\Debug\libArduinoCore.a(HardwareSerial3.o)
 .debug_ranges  0x000003a8       0x20 C:\Users\User\Documents\Atmel Studio\7.0\NEWSerialTest\rosSerial\rosSerial\ArduinoCore\Debug\libArduinoCore.a(new.o)
 .debug_ranges  0x000003c8      0x120 C:\Users\User\Documents\Atmel Studio\7.0\NEWSerialTest\rosSerial\rosSerial\ArduinoCore\Debug\libArduinoCore.a(Print.o)
 .debug_ranges  0x000004e8       0x38 C:\Users\User\Documents\Atmel Studio\7.0\NEWSerialTest\rosSerial\rosSerial\ArduinoCore\Debug\libArduinoCore.a(wiring.o)

.debug_macro
 *(.debug_macro)
OUTPUT(HelloWorld.elf elf32-avr)
LOAD linker stubs
